This is SBCL 2.2.6, an implementation of ANSI Common Lisp.
More information about SBCL is available at <http://www.sbcl.org/>.

SBCL is free software, provided as is, with absolutely no warranty.
It is mostly in the public domain; some portions are provided under
BSD-style licenses.  See the CREDITS and COPYING files in the
distribution for more information.
(ql:quickload "...")
(ql:system-apropos "...")
--- Loaded quicklisp ---
To load "fiveam":
  Load 1 ASDF system:
    fiveam
; Loading "fiveam"

; compiling file "/Users/jeffshrager/Desktop/AIHistory/IPL-V/repo/iplv.lisp" (written 18 MAR 2026 01:19:48 PM):

; wrote /Users/jeffshrager/Desktop/AIHistory/IPL-V/repo/iplv.fasl
; compilation finished in 0:00:01.782
WARNING: redefining COMMON-LISP-USER::IPL-EVAL in DEFGENERIC
WARNING: Cell "M14-9-1" is being added for missing local symbol "9-1"!
WARNING: Cell "M15-9-1" is being added for missing local symbol "9-1"!
WARNING: Cell "M111-9-10" is being added for missing local symbol "9-10"!
*** WARNING: PQ "1" (in ("SUBSTITUTION COUNT" "" "K11" "+" "1" "" "    0" "" "K011D000")) is ambugious and intepreted as p=0, q=1
*** WARNING: PQ "1" (in ("SUBSTITUTION COUNT" "" "K11" "+" "1" "" "    0" "" "K011D000")) is ambugious and intepreted as p=0, q=1
*** WARNING: PQ "1" (in ("EFFORT BASE AND TOTAL" "" "K12" "+" "1" "" "0" "" "K012D000")) is ambugious and intepreted as p=0, q=1
*** WARNING: PQ "1" (in ("EFFORT BASE AND TOTAL" "" "K12" "+" "1" "" "0" "" "K012D000")) is ambugious and intepreted as p=0, q=1
*** WARNING: PQ "3" (in ("X19 MINOTOR POINT FORCER." "" "X19" "" "3" "J0" "0" "" "X019R000")) is ambugious and intepreted as p=0, q=3
*** WARNING: PQ "3" (in ("X19 MINOTOR POINT FORCER." "" "X19" "" "3" "J0" "0" "" "X019R000")) is ambugious and intepreted as p=0, q=3
:::::::::::::::::::::::::::::::: 1.01    (AIB).=.(-AVB) EF.                                                      
:::::::::::::::::::::::::::::::: BAD EXPRESSION   ((PVQ/UGH/VR).=.((PVQ)VR))                                     
:::::::::::::::::::::::::::::::: BAD EXPRESSION   ((P*Q).=.-(-(PV-Q)/UGH/)                                       
:::::::::::::::::::::::::::::::: 4.01    (A=B).=.((AIB)*(BIA)) EF.                                               
:::::::::::::::::::::::::::::::: 1.2     (AVA)IA                                                                 
:::::::::::::::::::::::::::::::: 1.3     BI(AVB)                                                                 
:::::::::::::::::::::::::::::::: 1.4     (AVB)I(BVA)                                                             
:::::::::::::::::::::::::::::::: 1.5     (AV(BVC))I(BV(AVC))                                                     
:::::::::::::::::::::::::::::::: 1.6     (BIC)I((AVB)I(AVC))                                                     
::::::::::::::::::::::::::::::::                                                                                 
::::::::::::::::::::::::::::::::                                                                                 
:::::::::::::::::::::::::::::::: 2.01    (PI-P)I-P                                                               
:::::::::::::::::::::::::::::::: 2.02    QI(PIQ)                                                                 
:::::::::::::::::::::::::::::::: BAD EXPRESSION   (((PI-Q)I(QI-P)/UGH/)                                          
:::::::::::::::::::::::::::::::: 2.04    (PI(QIR))I(QI(PIR))                                                     
:::::::::::::::::::::::::::::::: 2.05    (QIR)I((PIQ)I(PIR))                                                     
:::::::::::::::::::::::::::::::: 2.06    (PIQ)I((QIR)I(PIR))                                                     
:::::::::::::::::::::::::::::::: 2.07    PI(PVP)                                                                 
:::::::::::::::::::::::::::::::: 2.08    PIP                                                                     
:::::::::::::::::::::::::::::::: 2.10    -PVP                                                                    
:::::::::::::::::::::::::::::::: 2.11    PV-P                                                                    
:::::::::::::::::::::::::::::::: 2.12    PI--P                                                                   
:::::::::::::::::::::::::::::::: 2.13    PV---P                                                                  
:::::::::::::::::::::::::::::::: 2.14    --PIP                                                                   
:::::::::::::::::::::::::::::::: 2.15    (-PIQ)I(-QIP)                                                           
:::::::::::::::::::::::::::::::: 2.20    PI(PVQ)                                                                 
:::::::::::::::::::::::::::::::: 2.21    -PI(PIQ)                                                                
:::::::::::::::::::::::::::::::: 2.24    PI(-PVQ)                                                                
:::::::::::::::::::::::::::::::: 3.13    (-(P*Q))I(-PV-Q)                                                        
:::::::::::::::::::::::::::::::: 3.14    (-PV-Q)I(-(P*Q))                                                        
:::::::::::::::::::::::::::::::: 3.24    -(P*-P)                                                                 
:::::::::::::::::::::::::::::::: 4.13    P=--P                                                                   
:::::::::::::::::::::::::::::::: 4.20    P=P                                                                     
:::::::::::::::::::::::::::::::: 4.24    P=(P*P)                                                                 
:::::::::::::::::::::::::::::::: 4.25    P=(PVP)                                                                 
:::::::::::::::::::::::::::::::: TO PROVE                                                                        
:::::::::::::::::::::::::::::::: 2.01    (PI-P)I-P                                                               
::::::::::::::::::::::::::::::::            .0   (-PV-P)I-P                  ,0 SUBLEVEL REPLACEMENT             
::::::::::::::::::::::::::::::::                                                                                 
::::::::::::::::::::::::::::::::                                                                                 
:::::::::::::::::::::::::::::::: PROOF FOUND.                                                                    
::::::::::::::::::::::::::::::::                                                                                 
::::::::::::::::::::::::::::::::           GIVEN                         1.2       (AVA)IA                       
::::::::::::::::::::::::::::::::           SUBSTITUTION                  .0        (-PV-P)I-P                    
::::::::::::::::::::::::::::::::           GIVEN                                   DEFINITIONS                   
::::::::::::::::::::::::::::::::           SUBLEVEL REPLACEMENT          2.01      (PI-P)I-P                     
::::::::::::::::::::::::::::::::           Q.E.D.0                                                               
::::::::::::::::::::::::::::::::                                                                                 
::::::::::::::::::::::::::::::::                                                                                 
:::::::::::::::::::::::::::::::: EFFORT              LIMIT 20000         ACTUAL 5579                             
:::::::::::::::::::::::::::::::: SUBPROBLEMS         LIMIT 50            ACTUAL 1                                
:::::::::::::::::::::::::::::::: SUBSTITUTIONS       LIMIT 50            ACTUAL 2                                
::::::::::::::::::::::::::::::::                                                                                 
::::::::::::::::::::::::::::::::                                                                                 
::::::::::::::::::::::::::::::::    REMEMBER PROVED THEOREM                                                      
::::::::::::::::::::::::::::::::                                                                                 
:::::::::::::::::::::::::::::::: 2.01    (AI-A)I-A                                                               
:::::::::::::::::::::::::::::::: TO PROVE                                                                        
:::::::::::::::::::::::::::::::: 2.02    QI(PIQ)                                                                 
::::::::::::::::::::::::::::::::            .0   QI(-PVQ)                    ,0 SUBLEVEL REPLACEMENT             
::::::::::::::::::::::::::::::::                                                                                 
::::::::::::::::::::::::::::::::                                                                                 
:::::::::::::::::::::::::::::::: PROOF FOUND.                                                                    
::::::::::::::::::::::::::::::::                                                                                 
::::::::::::::::::::::::::::::::           GIVEN                         1.3       BI(AVB)                       
::::::::::::::::::::::::::::::::           SUBSTITUTION                  .0        QI(-PVQ)                      
::::::::::::::::::::::::::::::::           GIVEN                                   DEFINITIONS                   
::::::::::::::::::::::::::::::::           SUBLEVEL REPLACEMENT          2.02      QI(PIQ)                       
::::::::::::::::::::::::::::::::           Q.E.D.0                                                               
::::::::::::::::::::::::::::::::                                                                                 
::::::::::::::::::::::::::::::::                                                                                 
:::::::::::::::::::::::::::::::: EFFORT              LIMIT 20000         ACTUAL 4253                             
:::::::::::::::::::::::::::::::: SUBPROBLEMS         LIMIT 50            ACTUAL 1                                
:::::::::::::::::::::::::::::::: SUBSTITUTIONS       LIMIT 50            ACTUAL 2                                
::::::::::::::::::::::::::::::::                                                                                 
::::::::::::::::::::::::::::::::                                                                                 
::::::::::::::::::::::::::::::::    REMEMBER PROVED THEOREM                                                      
::::::::::::::::::::::::::::::::                                                                                 
:::::::::::::::::::::::::::::::: 2.02    AI(BIA)                                                                 
:::::::::::::::::::::::::::::::: TO PROVE                                                                        
:::::::::::::::::::::::::::::::: 2.04    (PI(QIR))I(QI(PIR))                                                     
::::::::::::::::::::::::::::::::            .0   (PI(-QVR))I(QI(-PVR))   ,0 SUBLEVEL REPLACEMENT                 
::::::::::::::::::::::::::::::::            .0   (-PV(QIR))I(-QV(PIR))   ,0 SUBLEVEL REPLACEMENT                 
::::::::::::::::::::::::::::::::            .0   (-PV(-QVR))I(-QV(-PVR))   ,0 SUBLEVEL REPLACEMENT               
::::::::::::::::::::::::::::::::                                                                                 
::::::::::::::::::::::::::::::::                                                                                 
:::::::::::::::::::::::::::::::: PROOF FOUND.                                                                    
::::::::::::::::::::::::::::::::                                                                                 
::::::::::::::::::::::::::::::::           GIVEN                         1.5       (AV(BVC))I(BV(AVC))           
::::::::::::::::::::::::::::::::           SUBSTITUTION                  .0        (-PV(-QVR))I(-QV(-PVR)        
::::::::::::::::::::::::::::::::           GIVEN                                   DEFINITIONS                   
::::::::::::::::::::::::::::::::           SUBLEVEL REPLACEMENT          2.04      (PI(QIR))I(QI(PIR))           
::::::::::::::::::::::::::::::::           Q.E.D.0                                                               
::::::::::::::::::::::::::::::::                                                                                 
::::::::::::::::::::::::::::::::                                                                                 
:::::::::::::::::::::::::::::::: EFFORT              LIMIT 20000         ACTUAL 22175                            
:::::::::::::::::::::::::::::::: SUBPROBLEMS         LIMIT 50            ACTUAL 3                                
:::::::::::::::::::::::::::::::: SUBSTITUTIONS       LIMIT 50            ACTUAL 4                                
::::::::::::::::::::::::::::::::                                                                                 
::::::::::::::::::::::::::::::::                                                                                 
::::::::::::::::::::::::::::::::    REMEMBER PROVED THEOREM                                                      
::::::::::::::::::::::::::::::::                                                                                 
:::::::::::::::::::::::::::::::: 2.04    (AI(BIC))I(BI(AIC))                                                     
:::::::::::::::::::::::::::::::: TO PROVE                                                                        
:::::::::::::::::::::::::::::::: 2.05    (QIR)I((PIQ)I(PIR))                                                     
::::::::::::::::::::::::::::::::            .0   (QIR)I((-PVQ)I(-PVR))   ,0 SUBLEVEL REPLACEMENT                 
::::::::::::::::::::::::::::::::                                                                                 
::::::::::::::::::::::::::::::::                                                                                 
:::::::::::::::::::::::::::::::: PROOF FOUND.                                                                    
::::::::::::::::::::::::::::::::                                                                                 
::::::::::::::::::::::::::::::::           GIVEN                         1.6       (BIC)I((AVB)I(AVC))           
::::::::::::::::::::::::::::::::           SUBSTITUTION                  .0        (QIR)I((-PVQ)I(-PVR))         
::::::::::::::::::::::::::::::::           GIVEN                                   DEFINITIONS                   
::::::::::::::::::::::::::::::::           SUBLEVEL REPLACEMENT          2.05      (QIR)I((PIQ)I(PIR))           
::::::::::::::::::::::::::::::::           Q.E.D.0                                                               
::::::::::::::::::::::::::::::::                                                                                 
::::::::::::::::::::::::::::::::                                                                                 
:::::::::::::::::::::::::::::::: EFFORT              LIMIT 20000         ACTUAL 9280                             
:::::::::::::::::::::::::::::::: SUBPROBLEMS         LIMIT 50            ACTUAL 1                                
:::::::::::::::::::::::::::::::: SUBSTITUTIONS       LIMIT 50            ACTUAL 2                                
::::::::::::::::::::::::::::::::                                                                                 
::::::::::::::::::::::::::::::::                                                                                 
::::::::::::::::::::::::::::::::    REMEMBER PROVED THEOREM                                                      
::::::::::::::::::::::::::::::::                                                                                 
:::::::::::::::::::::::::::::::: 2.05    (AIB)I((CIA)I(CIB))                                                     
:::::::::::::::::::::::::::::::: TO PROVE                                                                        
:::::::::::::::::::::::::::::::: 2.06    (PIQ)I((QIR)I(PIR))                                                     
::::::::::::::::::::::::::::::::            .0   (PIQ)I((-QVR)I(-PVR))   ,0 SUBLEVEL REPLACEMENT                 
::::::::::::::::::::::::::::::::            .0   (-PVQ)I((-(QIR))V(PIR))   ,0 SUBLEVEL REPLACEMENT               
::::::::::::::::::::::::::::::::            .0   (-PVQ)I((-(-QVR))V(-PVR))   ,0 SUBLEVEL REPLACEMENT             
::::::::::::::::::::::::::::::::            .0   (-(PIQ))V((QIR)I(PIR))  1.01  ,0 REPLACEMENT                    
::::::::::::::::::::::::::::::::            .0   (QIR)I((PIQ)I(PIR))  2.04  ,0 DETACHMENT                        
::::::::::::::::::::::::::::::::                                                                                 
::::::::::::::::::::::::::::::::                                                                                 
:::::::::::::::::::::::::::::::: PROOF FOUND.                                                                    
::::::::::::::::::::::::::::::::                                                                                 
::::::::::::::::::::::::::::::::           GIVEN                         2.05      (AIB)I((CIA)I(CIB))           
::::::::::::::::::::::::::::::::           SUBSTITUTION                  .0        (QIR)I((PIQ)I(PIR))           
::::::::::::::::::::::::::::::::           GIVEN                         2.04      (AI(BIC))I(BI(AIC))           
::::::::::::::::::::::::::::::::           DETACHMENT                    2.06      (PIQ)I((QIR)I(PIR))           
::::::::::::::::::::::::::::::::           Q.E.D.0                                                               
::::::::::::::::::::::::::::::::                                                                                 
::::::::::::::::::::::::::::::::                                                                                 
:::::::::::::::::::::::::::::::: EFFORT              LIMIT 20000         ACTUAL 31762                            
:::::::::::::::::::::::::::::::: SUBPROBLEMS         LIMIT 50            ACTUAL 5                                
:::::::::::::::::::::::::::::::: SUBSTITUTIONS       LIMIT 50            ACTUAL 6                                
::::::::::::::::::::::::::::::::                                                                                 
::::::::::::::::::::::::::::::::                                                                                 
::::::::::::::::::::::::::::::::    REMEMBER PROVED THEOREM                                                      
::::::::::::::::::::::::::::::::                                                                                 
:::::::::::::::::::::::::::::::: 2.06    (AIB)I((BIC)I(AIC))                                                     
:::::::::::::::::::::::::::::::: TO PROVE                                                                        
:::::::::::::::::::::::::::::::: 2.07    PI(PVP)                                                                 
::::::::::::::::::::::::::::::::                                                                                 
::::::::::::::::::::::::::::::::                                                                                 
:::::::::::::::::::::::::::::::: PROOF FOUND.                                                                    
::::::::::::::::::::::::::::::::                                                                                 
::::::::::::::::::::::::::::::::           GIVEN                         1.3       BI(AVB)                       
::::::::::::::::::::::::::::::::           SUBSTITUTION                  2.07      PI(PVP)                       
::::::::::::::::::::::::::::::::           Q.E.D.0                                                               
::::::::::::::::::::::::::::::::                                                                                 
::::::::::::::::::::::::::::::::                                                                                 
:::::::::::::::::::::::::::::::: EFFORT              LIMIT 20000         ACTUAL 1765                             
:::::::::::::::::::::::::::::::: SUBPROBLEMS         LIMIT 50            ACTUAL 0                                
:::::::::::::::::::::::::::::::: SUBSTITUTIONS       LIMIT 50            ACTUAL 1                                
::::::::::::::::::::::::::::::::                                                                                 
::::::::::::::::::::::::::::::::                                                                                 
::::::::::::::::::::::::::::::::    REMEMBER PROVED THEOREM                                                      
::::::::::::::::::::::::::::::::                                                                                 
:::::::::::::::::::::::::::::::: 2.07    AI(AVA)                                                                 
:::::::::::::::::::::::::::::::: TO PROVE                                                                        
:::::::::::::::::::::::::::::::: 2.08    PIP                                                                     
::::::::::::::::::::::::::::::::            .0   -PVP                         1.01  ,0 REPLACEMENT               
::::::::::::::::::::::::::::::::            .0   (PVP)IP                    2.07  ,0 FORWARD CHAINING            
::::::::::::::::::::::::::::::::                                                                                 
::::::::::::::::::::::::::::::::                                                                                 
:::::::::::::::::::::::::::::::: PROOF FOUND.                                                                    
::::::::::::::::::::::::::::::::                                                                                 
::::::::::::::::::::::::::::::::           GIVEN                         1.2       (AVA)IA                       
::::::::::::::::::::::::::::::::           SUBSTITUTION                  .0        (PVP)IP                       
::::::::::::::::::::::::::::::::           GIVEN                         2.07      AI(AVA)                       
::::::::::::::::::::::::::::::::           FORWARD CHAINING              2.08      PIP                           
::::::::::::::::::::::::::::::::           Q.E.D.0                                                               
::::::::::::::::::::::::::::::::                                                                                 
::::::::::::::::::::::::::::::::                                                                                 
:::::::::::::::::::::::::::::::: EFFORT              LIMIT 20000         ACTUAL 5853                             
:::::::::::::::::::::::::::::::: SUBPROBLEMS         LIMIT 50            ACTUAL 2                                
:::::::::::::::::::::::::::::::: SUBSTITUTIONS       LIMIT 50            ACTUAL 3                                
::::::::::::::::::::::::::::::::                                                                                 
::::::::::::::::::::::::::::::::                                                                                 
::::::::::::::::::::::::::::::::    REMEMBER PROVED THEOREM                                                      
::::::::::::::::::::::::::::::::                                                                                 
:::::::::::::::::::::::::::::::: 2.08    AIA                                                                     
:::::::::::::::::::::::::::::::: TO PROVE                                                                        
:::::::::::::::::::::::::::::::: 2.10    -PVP                                                                    
::::::::::::::::::::::::::::::::            .0   PIP                          1.01  ,0 REPLACEMENT               
::::::::::::::::::::::::::::::::                                                                                 
::::::::::::::::::::::::::::::::                                                                                 
:::::::::::::::::::::::::::::::: PROOF FOUND.                                                                    
::::::::::::::::::::::::::::::::                                                                                 
::::::::::::::::::::::::::::::::           GIVEN                         2.08      AIA                           
::::::::::::::::::::::::::::::::           SUBSTITUTION                  .0        PIP                           
::::::::::::::::::::::::::::::::           GIVEN                         1.01      (AIB).=.(-AVB)                
::::::::::::::::::::::::::::::::           REPLACEMENT                   2.10      -PVP                          
::::::::::::::::::::::::::::::::           Q.E.D.0                                                               
::::::::::::::::::::::::::::::::                                                                                 
::::::::::::::::::::::::::::::::                                                                                 
:::::::::::::::::::::::::::::::: EFFORT              LIMIT 20000         ACTUAL 3425                             
:::::::::::::::::::::::::::::::: SUBPROBLEMS         LIMIT 50            ACTUAL 1                                
:::::::::::::::::::::::::::::::: SUBSTITUTIONS       LIMIT 50            ACTUAL 2                                
::::::::::::::::::::::::::::::::                                                                                 
::::::::::::::::::::::::::::::::                                                                                 
::::::::::::::::::::::::::::::::    REMEMBER PROVED THEOREM                                                      
::::::::::::::::::::::::::::::::                                                                                 
:::::::::::::::::::::::::::::::: 2.10    -AVA                                                                    
:::::::::::::::::::::::::::::::: TO PROVE                                                                        
:::::::::::::::::::::::::::::::: 2.11    PV-P                                                                    
::::::::::::::::::::::::::::::::            .0   -PVP                         1.4  ,0 DETACHMENT                 
::::::::::::::::::::::::::::::::                                                                                 
::::::::::::::::::::::::::::::::                                                                                 
:::::::::::::::::::::::::::::::: PROOF FOUND.                                                                    
::::::::::::::::::::::::::::::::                                                                                 
::::::::::::::::::::::::::::::::           GIVEN                         2.10      -AVA                          
::::::::::::::::::::::::::::::::           SUBSTITUTION                  .0        -PVP                          
::::::::::::::::::::::::::::::::           GIVEN                         1.4       (AVB)I(BVA)                   
::::::::::::::::::::::::::::::::           DETACHMENT                    2.11      PV-P                          
::::::::::::::::::::::::::::::::           Q.E.D.0                                                               
::::::::::::::::::::::::::::::::                                                                                 
::::::::::::::::::::::::::::::::                                                                                 
:::::::::::::::::::::::::::::::: EFFORT              LIMIT 20000         ACTUAL 4121                             
:::::::::::::::::::::::::::::::: SUBPROBLEMS         LIMIT 50            ACTUAL 1                                
:::::::::::::::::::::::::::::::: SUBSTITUTIONS       LIMIT 50            ACTUAL 2                                
::::::::::::::::::::::::::::::::                                                                                 
::::::::::::::::::::::::::::::::                                                                                 
::::::::::::::::::::::::::::::::    REMEMBER PROVED THEOREM                                                      
::::::::::::::::::::::::::::::::                                                                                 
:::::::::::::::::::::::::::::::: 2.11    AV-A                                                                    
:::::::::::::::::::::::::::::::: TO PROVE                                                                        
:::::::::::::::::::::::::::::::: 2.12    PI--P                                                                   
::::::::::::::::::::::::::::::::            .0   -PV--P                       1.01  ,0 REPLACEMENT               
::::::::::::::::::::::::::::::::                                                                                 
::::::::::::::::::::::::::::::::                                                                                 
:::::::::::::::::::::::::::::::: PROOF FOUND.                                                                    
::::::::::::::::::::::::::::::::                                                                                 
::::::::::::::::::::::::::::::::           GIVEN                         2.11      AV-A                          
::::::::::::::::::::::::::::::::           SUBSTITUTION                  .0        -PV--P                        
::::::::::::::::::::::::::::::::           GIVEN                         1.01      (AIB).=.(-AVB)                
::::::::::::::::::::::::::::::::           REPLACEMENT                   2.12      PI--P                         
::::::::::::::::::::::::::::::::           Q.E.D.0                                                               
::::::::::::::::::::::::::::::::                                                                                 
::::::::::::::::::::::::::::::::                                                                                 
:::::::::::::::::::::::::::::::: EFFORT              LIMIT 20000         ACTUAL 5594                             
:::::::::::::::::::::::::::::::: SUBPROBLEMS         LIMIT 50            ACTUAL 1                                
:::::::::::::::::::::::::::::::: SUBSTITUTIONS       LIMIT 50            ACTUAL 2                                
::::::::::::::::::::::::::::::::                                                                                 
::::::::::::::::::::::::::::::::                                                                                 
::::::::::::::::::::::::::::::::    REMEMBER PROVED THEOREM                                                      
::::::::::::::::::::::::::::::::                                                                                 
:::::::::::::::::::::::::::::::: 2.12    AI--A                                                                   
:::::::::::::::::::::::::::::::: TO PROVE                                                                        
:::::::::::::::::::::::::::::::: 2.13    PV---P                                                                  
::::::::::::::::::::::::::::::::            .0   ---PVP                       1.4  ,0 DETACHMENT                 
::::::::::::::::::::::::::::::::            .0   -PI---P                      2.11  ,0 FORWARD CHAINING          
::::::::::::::::::::::::::::::::                                                                                 
::::::::::::::::::::::::::::::::                                                                                 
:::::::::::::::::::::::::::::::: PROOF FOUND.                                                                    
::::::::::::::::::::::::::::::::                                                                                 
::::::::::::::::::::::::::::::::           GIVEN                         2.12      AI--A                         
::::::::::::::::::::::::::::::::           SUBSTITUTION                  .0        -PI---P                       
::::::::::::::::::::::::::::::::           GIVEN                         2.11      AV-A                          
::::::::::::::::::::::::::::::::           FORWARD CHAINING              2.13      PV---P                        
::::::::::::::::::::::::::::::::           Q.E.D.0                                                               
::::::::::::::::::::::::::::::::                                                                                 
::::::::::::::::::::::::::::::::                                                                                 
:::::::::::::::::::::::::::::::: EFFORT              LIMIT 20000         ACTUAL 11286                            
:::::::::::::::::::::::::::::::: SUBPROBLEMS         LIMIT 50            ACTUAL 2                                
:::::::::::::::::::::::::::::::: SUBSTITUTIONS       LIMIT 50            ACTUAL 3                                
::::::::::::::::::::::::::::::::                                                                                 
::::::::::::::::::::::::::::::::                                                                                 
::::::::::::::::::::::::::::::::    REMEMBER PROVED THEOREM                                                      
::::::::::::::::::::::::::::::::                                                                                 
:::::::::::::::::::::::::::::::: 2.13    AV---A                                                                  
:::::::::::::::::::::::::::::::: TO PROVE                                                                        
:::::::::::::::::::::::::::::::: 2.14    --PIP                                                                   
::::::::::::::::::::::::::::::::            .0   ---PVP                       1.01  ,0 REPLACEMENT               
::::::::::::::::::::::::::::::::            .0   ----PIP                      2.12  ,0 FORWARD CHAINING          
::::::::::::::::::::::::::::::::            .0   (--PV--P)IP                2.07  ,0 FORWARD CHAINING            
::::::::::::::::::::::::::::::::            .0   (BI--P)IP                  2.02  ,0 FORWARD CHAINING            
::::::::::::::::::::::::::::::::            .0   (AV--P)IP                  1.3  ,0 FORWARD CHAINING             
::::::::::::::::::::::::::::::::            .0   --PI(PVP)                  1.2  ,0 BACKWARD CHAINING            
:::::::::::::::::::::::::::::::: NO PROOF FOUND                                                                  
::::::::::::::::::::::::::::::::                                                                                 
::::::::::::::::::::::::::::::::                                                                                 
:::::::::::::::::::::::::::::::: EFFORT              LIMIT 20000         ACTUAL 24371                            
:::::::::::::::::::::::::::::::: SUBPROBLEMS         LIMIT 50            ACTUAL 6                                
:::::::::::::::::::::::::::::::: SUBSTITUTIONS       LIMIT 50            ACTUAL 7                                
:::::::::::::::::::::::::::::::: TO PROVE                                                                        
:::::::::::::::::::::::::::::::: 2.15    (-PIQ)I(-QIP)                                                           
::::::::::::::::::::::::::::::::            .0   (--PVQ)I(--QVP)           ,0 SUBLEVEL REPLACEMENT               
::::::::::::::::::::::::::::::::            .0   (-(-PIQ))V(-QIP)       1.01  ,0 REPLACEMENT                     
::::::::::::::::::::::::::::::::            .0   -QI((-PIQ)IP)            2.04  ,0 DETACHMENT                    
::::::::::::::::::::::::::::::::            .0   -QIP                         2.02  ,0 DETACHMENT                
::::::::::::::::::::::::::::::::            .0   ((QIC)I(-PIC))I(-QIP)  2.06  ,0 FORWARD CHAINING                
::::::::::::::::::::::::::::::::            .0   ((CI-P)I(CIQ))I(-QIP)  2.05  ,0 FORWARD CHAINING                
::::::::::::::::::::::::::::::::            .0   ((AV-P)I(AVQ))I(-QIP)  1.6  ,0 FORWARD CHAINING                 
::::::::::::::::::::::::::::::::            .0   (-(-(-PIQ)))I(-QIP)  2.12  ,0 FORWARD CHAINING                  
::::::::::::::::::::::::::::::::            .0   ((-PIQ)V(-PIQ))I(-QIP)  2.07  ,0 FORWARD CHAINING               
::::::::::::::::::::::::::::::::            .0   (BI(-PIQ))I(-QIP)      2.02  ,0 FORWARD CHAINING                
::::::::::::::::::::::::::::::::            .0   (AV(-PIQ))I(-QIP)      1.3  ,0 FORWARD CHAINING                 
::::::::::::::::::::::::::::::::            .0   (-PIQ)IP                   2.02  ,0 BACKWARD CHAINING           
::::::::::::::::::::::::::::::::            .0   (-PIQ)I((-QIP)V(-QIP))  1.2  ,0 BACKWARD CHAINING               
:::::::::::::::::::::::::::::::: NO PROOF FOUND                                                                  
::::::::::::::::::::::::::::::::                                                                                 
::::::::::::::::::::::::::::::::                                                                                 
:::::::::::::::::::::::::::::::: EFFORT              LIMIT 20000         ACTUAL 70601                            
:::::::::::::::::::::::::::::::: SUBPROBLEMS         LIMIT 50            ACTUAL 13                               
:::::::::::::::::::::::::::::::: SUBSTITUTIONS       LIMIT 50            ACTUAL 14                               
:::::::::::::::::::::::::::::::: TO PROVE                                                                        
:::::::::::::::::::::::::::::::: 2.20    PI(PVQ)                                                                 
::::::::::::::::::::::::::::::::            .0   -PV(PVQ)                   1.01  ,0 REPLACEMENT                 
::::::::::::::::::::::::::::::::            .0   PVQ                          2.02  ,0 DETACHMENT                
::::::::::::::::::::::::::::::::            .0   --PI(PVQ)                  2.12  ,0 FORWARD CHAINING            
::::::::::::::::::::::::::::::::            .0   (PVP)I(PVQ)              2.07  ,0 FORWARD CHAINING              
::::::::::::::::::::::::::::::::            .0   (BIP)I(PVQ)              2.02  ,0 FORWARD CHAINING              
::::::::::::::::::::::::::::::::            .0   (AVP)I(PVQ)              1.3  ,0 FORWARD CHAINING               
::::::::::::::::::::::::::::::::                                                                                 
::::::::::::::::::::::::::::::::                                                                                 
:::::::::::::::::::::::::::::::: PROOF FOUND.                                                                    
::::::::::::::::::::::::::::::::                                                                                 
::::::::::::::::::::::::::::::::           GIVEN                         1.4       (AVB)I(BVA)                   
::::::::::::::::::::::::::::::::           SUBSTITUTION                  .0        (CVP)I(PVQ)                   
::::::::::::::::::::::::::::::::           GIVEN                         1.3       BI(AVB)                       
::::::::::::::::::::::::::::::::           FORWARD CHAINING              2.20      PI(PVQ)                       
::::::::::::::::::::::::::::::::           Q.E.D.0                                                               
::::::::::::::::::::::::::::::::                                                                                 
::::::::::::::::::::::::::::::::                                                                                 
:::::::::::::::::::::::::::::::: EFFORT              LIMIT 20000         ACTUAL 22981                            
:::::::::::::::::::::::::::::::: SUBPROBLEMS         LIMIT 50            ACTUAL 6                                
:::::::::::::::::::::::::::::::: SUBSTITUTIONS       LIMIT 50            ACTUAL 7                                
::::::::::::::::::::::::::::::::                                                                                 
::::::::::::::::::::::::::::::::                                                                                 
::::::::::::::::::::::::::::::::    REMEMBER PROVED THEOREM                                                      
::::::::::::::::::::::::::::::::                                                                                 
:::::::::::::::::::::::::::::::: 2.20    AI(AVB)                                                                 
:::::::::::::::::::::::::::::::: TO PROVE                                                                        
:::::::::::::::::::::::::::::::: 2.21    -PI(PIQ)                                                                
::::::::::::::::::::::::::::::::            .0   -PI(-PVQ)                   ,0 SUBLEVEL REPLACEMENT             
::::::::::::::::::::::::::::::::                                                                                 
::::::::::::::::::::::::::::::::                                                                                 
:::::::::::::::::::::::::::::::: PROOF FOUND.                                                                    
::::::::::::::::::::::::::::::::                                                                                 
::::::::::::::::::::::::::::::::           GIVEN                         2.20      AI(AVB)                       
::::::::::::::::::::::::::::::::           SUBSTITUTION                  .0        -PI(-PVQ)                     
::::::::::::::::::::::::::::::::           GIVEN                                   DEFINITIONS                   
::::::::::::::::::::::::::::::::           SUBLEVEL REPLACEMENT          2.21      -PI(PIQ)                      
::::::::::::::::::::::::::::::::           Q.E.D.0                                                               
::::::::::::::::::::::::::::::::                                                                                 
::::::::::::::::::::::::::::::::                                                                                 
:::::::::::::::::::::::::::::::: EFFORT              LIMIT 20000         ACTUAL 5482                             
:::::::::::::::::::::::::::::::: SUBPROBLEMS         LIMIT 50            ACTUAL 1                                
:::::::::::::::::::::::::::::::: SUBSTITUTIONS       LIMIT 50            ACTUAL 2                                
::::::::::::::::::::::::::::::::                                                                                 
::::::::::::::::::::::::::::::::                                                                                 
::::::::::::::::::::::::::::::::    REMEMBER PROVED THEOREM                                                      
::::::::::::::::::::::::::::::::                                                                                 
:::::::::::::::::::::::::::::::: 2.21    -AI(AIB)                                                                
:::::::::::::::::::::::::::::::: TO PROVE                                                                        
:::::::::::::::::::::::::::::::: 2.24    PI(-PVQ)                                                                
::::::::::::::::::::::::::::::::            .0   PI(PIQ)                     ,0 SUBLEVEL REPLACEMENT             
::::::::::::::::::::::::::::::::            .0   -PV(-PVQ)                  1.01  ,0 REPLACEMENT                 
::::::::::::::::::::::::::::::::            .0   -PVQ                         2.02  ,0 DETACHMENT                
::::::::::::::::::::::::::::::::            .0   (PVB)I(-PVQ)             2.20  ,0 FORWARD CHAINING              
::::::::::::::::::::::::::::::::            .0   --PI(-PVQ)                 2.12  ,0 FORWARD CHAINING            
::::::::::::::::::::::::::::::::            .0   (PVP)I(-PVQ)             2.07  ,0 FORWARD CHAINING              
::::::::::::::::::::::::::::::::            .0   (BIP)I(-PVQ)             2.02  ,0 FORWARD CHAINING              
::::::::::::::::::::::::::::::::            .0   (AVP)I(-PVQ)             1.3  ,0 FORWARD CHAINING               
::::::::::::::::::::::::::::::::            .0   PI-P                         2.20  ,0 BACKWARD CHAINING         
::::::::::::::::::::::::::::::::            .0   PI(QV-P)                   1.4  ,0 BACKWARD CHAINING            
::::::::::::::::::::::::::::::::            .0   PIQ                          1.3  ,0 BACKWARD CHAINING          
::::::::::::::::::::::::::::::::            .0   PI((-PVQ)V(-PVQ))      1.2  ,0 BACKWARD CHAINING                
:::::::::::::::::::::::::::::::: NO PROOF FOUND                                                                  
::::::::::::::::::::::::::::::::                                                                                 
::::::::::::::::::::::::::::::::                                                                                 
:::::::::::::::::::::::::::::::: EFFORT              LIMIT 20000         ACTUAL 50722                            
:::::::::::::::::::::::::::::::: SUBPROBLEMS         LIMIT 50            ACTUAL 12                               
:::::::::::::::::::::::::::::::: SUBSTITUTIONS       LIMIT 50            ACTUAL 13                               
:::::::::::::::::::::::::::::::: TO PROVE                                                                        
:::::::::::::::::::::::::::::::: 3.13    (-(P*Q))I(-PV-Q)                                                        
::::::::::::::::::::::::::::::::            .0   (-(P*Q))I(PI-Q)         ,0 SUBLEVEL REPLACEMENT                 
::::::::::::::::::::::::::::::::            .0   (-(-(P*Q)))V(-PV-Q)  1.01  ,0 REPLACEMENT                       
::::::::::::::::::::::::::::::::            .0   -(-(P*Q))                2.21  ,0 DETACHMENT                    
::::::::::::::::::::::::::::::::            .0   -PV-Q                        2.02  ,0 DETACHMENT                
::::::::::::::::::::::::::::::::            .0   ((P*Q)IB)I(-PV-Q)      2.21  ,0 FORWARD CHAINING                
::::::::::::::::::::::::::::::::            .0   ((-(P*Q))VB)I(-PV-Q)  2.20  ,0 FORWARD CHAINING                 
::::::::::::::::::::::::::::::::            .0   (-(-(-(P*Q))))I(-PV-Q)  2.12  ,0 FORWARD CHAINING               
::::::::::::::::::::::::::::::::            .0   ((-(P*Q))V(-(P*Q)))I(-PV-Q)  2.07  ,0 FORWARD CH                
::::::::::::::::::::::::::::::::            .0   (BI(-(P*Q)))I(-PV-Q)  2.02  ,0 FORWARD CHAINING                 
::::::::::::::::::::::::::::::::            .0   (AV(-(P*Q)))I(-PV-Q)  1.3  ,0 FORWARD CHAINING                  
::::::::::::::::::::::::::::::::            .0   (-(P*Q))I-P              2.20  ,0 BACKWARD CHAINING             
::::::::::::::::::::::::::::::::            .0   (-(P*Q))I(-QV-P)       1.4  ,0 BACKWARD CHAINING                
::::::::::::::::::::::::::::::::            .0   (-(P*Q))I-Q              1.3  ,0 BACKWARD CHAINING              
::::::::::::::::::::::::::::::::            .0   (-(P*Q))I((-PV-Q)V(-PV-Q))  1.2  ,0 BACKWARD CHAINING           
:::::::::::::::::::::::::::::::: NO PROOF FOUND                                                                  
::::::::::::::::::::::::::::::::                                                                                 
::::::::::::::::::::::::::::::::                                                                                 
:::::::::::::::::::::::::::::::: EFFORT              LIMIT 20000         ACTUAL 76990                            
:::::::::::::::::::::::::::::::: SUBPROBLEMS         LIMIT 50            ACTUAL 14                               
:::::::::::::::::::::::::::::::: SUBSTITUTIONS       LIMIT 50            ACTUAL 15                               
:::::::::::::::::::::::::::::::: TO PROVE                                                                        
:::::::::::::::::::::::::::::::: 3.14    (-PV-Q)I(-(P*Q))                                                        
::::::::::::::::::::::::::::::::            .0   (PI-Q)I(-(P*Q))         ,0 SUBLEVEL REPLACEMENT                 
::::::::::::::::::::::::::::::::            .0   (-(-PV-Q))V(-(P*Q))  1.01  ,0 REPLACEMENT                       
::::::::::::::::::::::::::::::::            .0   -(-PV-Q)                   2.21  ,0 DETACHMENT                  
::::::::::::::::::::::::::::::::            .0   -(P*Q)                     2.02  ,0 DETACHMENT                  
::::::::::::::::::::::::::::::::            .0   (-QV-P)I(-(P*Q))       1.4  ,0 FORWARD CHAINING                 
::::::::::::::::::::::::::::::::            .0   ((-PV-Q)VB)I(-(P*Q))  2.20  ,0 FORWARD CHAINING                 
::::::::::::::::::::::::::::::::            .0   (-(-(-PV-Q)))I(-(P*Q))  2.12  ,0 FORWARD CHAINING               
::::::::::::::::::::::::::::::::            .0   ((-PV-Q)V(-PV-Q))I(-(P*Q))  2.07  ,0 FORWARD CHAINING           
::::::::::::::::::::::::::::::::            .0   (BI(-PV-Q))I(-(P*Q))  2.02  ,0 FORWARD CHAINING                 
::::::::::::::::::::::::::::::::            .0   (AV(-PV-Q))I(-(P*Q))  1.3  ,0 FORWARD CHAINING                  
::::::::::::::::::::::::::::::::            .0   (-PV-Q)I((P*Q)I(-(P*Q)))  2.01  ,0 BACKWARD CHAINING            
::::::::::::::::::::::::::::::::            .0   (-PV-Q)I((-(P*Q))V(-(P*Q)))  1.2  ,0 BACKWARD CHAINI            
:::::::::::::::::::::::::::::::: NO PROOF FOUND                                                                  
::::::::::::::::::::::::::::::::                                                                                 
::::::::::::::::::::::::::::::::                                                                                 
:::::::::::::::::::::::::::::::: EFFORT              LIMIT 20000         ACTUAL 62927                            
:::::::::::::::::::::::::::::::: SUBPROBLEMS         LIMIT 50            ACTUAL 12                               
:::::::::::::::::::::::::::::::: SUBSTITUTIONS       LIMIT 50            ACTUAL 13                               
:::::::::::::::::::::::::::::::: TO PROVE                                                                        
:::::::::::::::::::::::::::::::: 3.24    -(P*-P)                                                                 
::::::::::::::::::::::::::::::::            .0   (P*-P)I(-(P*-P))       2.01  ,0 DETACHMENT                      
:::::::::::::::::::::::::::::::: .0      (P*-P)I(-(P*-P))                                                        
::::::::::::::::::::::::::::::::            .0   ((P*-P)VB)I(-(P*-P))  2.20  ,0 FORWARD CHAINING                 
::::::::::::::::::::::::::::::::            .0   (-(-(P*-P)))I(-(P*-P))  2.12  ,0 FORWARD CHAINING               
::::::::::::::::::::::::::::::::            .0   ((P*-P)V(P*-P))I(-(P*-P))  2.07  ,0 FORWARD CHAINING            
::::::::::::::::::::::::::::::::            .0   (BI(P*-P))I(-(P*-P))  2.02  ,0 FORWARD CHAINING                 
::::::::::::::::::::::::::::::::            .0   (AV(P*-P))I(-(P*-P))  1.3  ,0 FORWARD CHAINING                  
::::::::::::::::::::::::::::::::            .0   (P*-P)I((P*-P)I(-(P*-P)))  2.01  ,0 BACKWARD CHAINING           
::::::::::::::::::::::::::::::::            .0   (P*-P)I((-(P*-P))V(-(P*-P)))  1.2  ,0 BACKWARD C                
:::::::::::::::::::::::::::::::: NO PROOF FOUND                                                                  
::::::::::::::::::::::::::::::::                                                                                 
::::::::::::::::::::::::::::::::                                                                                 
:::::::::::::::::::::::::::::::: EFFORT              LIMIT 20000         ACTUAL 50651                            
:::::::::::::::::::::::::::::::: SUBPROBLEMS         LIMIT 50            ACTUAL 8                                
:::::::::::::::::::::::::::::::: SUBSTITUTIONS       LIMIT 50            ACTUAL 9                                
:::::::::::::::::::::::::::::::: TO PROVE                                                                        
:::::::::::::::::::::::::::::::: 4.13    P=--P                                                                   
::::::::::::::::::::::::::::::::            .0   (PI--P)*(--PIP)          4.01  ,0 REPLACEMENT                   
::::::::::::::::::::::::::::::::            .0   PIP                          2.12  ,0 BACKWARD CHAINING         
::::::::::::::::::::::::::::::::                                                                                 
::::::::::::::::::::::::::::::::                                                                                 
:::::::::::::::::::::::::::::::: PROOF FOUND.                                                                    
::::::::::::::::::::::::::::::::                                                                                 
::::::::::::::::::::::::::::::::           GIVEN                         2.08      AIA                           
::::::::::::::::::::::::::::::::           SUBSTITUTION                  .0        PIP                           
::::::::::::::::::::::::::::::::           GIVEN                         2.12      AI--A                         
::::::::::::::::::::::::::::::::           BACKWARD CHAINING             4.13      P=--P                         
::::::::::::::::::::::::::::::::           Q.E.D.0                                                               
::::::::::::::::::::::::::::::::                                                                                 
::::::::::::::::::::::::::::::::                                                                                 
:::::::::::::::::::::::::::::::: EFFORT              LIMIT 20000         ACTUAL 8122                             
:::::::::::::::::::::::::::::::: SUBPROBLEMS         LIMIT 50            ACTUAL 2                                
:::::::::::::::::::::::::::::::: SUBSTITUTIONS       LIMIT 50            ACTUAL 3                                
::::::::::::::::::::::::::::::::                                                                                 
::::::::::::::::::::::::::::::::                                                                                 
::::::::::::::::::::::::::::::::    REMEMBER PROVED THEOREM                                                      
::::::::::::::::::::::::::::::::                                                                                 
:::::::::::::::::::::::::::::::: 4.13    A=--A                                                                   
:::::::::::::::::::::::::::::::: TO PROVE                                                                        
:::::::::::::::::::::::::::::::: 4.20    P=P                                                                     
::::::::::::::::::::::::::::::::            .0   (PIP)*(PIP)              4.01  ,0 REPLACEMENT                   
::::::::::::::::::::::::::::::::            .0   --PIP                        4.13  ,0 FORWARD CHAINING          
::::::::::::::::::::::::::::::::            .0   PIP                          2.08  ,0 BACKWARD CHAINING         
::::::::::::::::::::::::::::::::                                                                                 
::::::::::::::::::::::::::::::::                                                                                 
:::::::::::::::::::::::::::::::: PROOF FOUND.                                                                    
::::::::::::::::::::::::::::::::                                                                                 
::::::::::::::::::::::::::::::::           GIVEN                         2.08      AIA                           
::::::::::::::::::::::::::::::::           SUBSTITUTION                  .0        PIP                           
::::::::::::::::::::::::::::::::           GIVEN                         2.08      AIA                           
::::::::::::::::::::::::::::::::           BACKWARD CHAINING             4.20      P=P                           
::::::::::::::::::::::::::::::::           Q.E.D.0                                                               
::::::::::::::::::::::::::::::::                                                                                 
::::::::::::::::::::::::::::::::                                                                                 
:::::::::::::::::::::::::::::::: EFFORT              LIMIT 20000         ACTUAL 7834                             
:::::::::::::::::::::::::::::::: SUBPROBLEMS         LIMIT 50            ACTUAL 3                                
:::::::::::::::::::::::::::::::: SUBSTITUTIONS       LIMIT 50            ACTUAL 4                                
::::::::::::::::::::::::::::::::                                                                                 
::::::::::::::::::::::::::::::::                                                                                 
::::::::::::::::::::::::::::::::    REMEMBER PROVED THEOREM                                                      
::::::::::::::::::::::::::::::::                                                                                 
:::::::::::::::::::::::::::::::: 4.20    A=A                                                                     
:::::::::::::::::::::::::::::::: TO PROVE                                                                        
:::::::::::::::::::::::::::::::: 4.24    P=(P*P)                                                                 
::::::::::::::::::::::::::::::::            .0   (PI(P*P))*((P*P)IP)  4.01  ,0 REPLACEMENT                       
::::::::::::::::::::::::::::::::            .0   PI(P*P)                    4.20  ,0 FORWARD CHAINING            
::::::::::::::::::::::::::::::::            .0   --PI(P*P)                  4.13  ,0 FORWARD CHAINING            
::::::::::::::::::::::::::::::::            .0   PI((P*P)V(P*P))        1.2  ,0 BACKWARD CHAINING                
:::::::::::::::::::::::::::::::: .0      PI(P*P)                                                                 
::::::::::::::::::::::::::::::::            .0   -PV(P*P)                   1.01  ,0 REPLACEMENT                 
::::::::::::::::::::::::::::::::            .0   P*P                          2.02  ,0 DETACHMENT                
::::::::::::::::::::::::::::::::            .0   (PVB)I(P*P)              2.20  ,0 FORWARD CHAINING              
::::::::::::::::::::::::::::::::            .0   (PVP)I(P*P)              2.07  ,0 FORWARD CHAINING              
::::::::::::::::::::::::::::::::            .0   (BIP)I(P*P)              2.02  ,0 FORWARD CHAINING              
::::::::::::::::::::::::::::::::            .0   (AVP)I(P*P)              1.3  ,0 FORWARD CHAINING               
:::::::::::::::::::::::::::::::: NO PROOF FOUND                                                                  
::::::::::::::::::::::::::::::::                                                                                 
::::::::::::::::::::::::::::::::                                                                                 
:::::::::::::::::::::::::::::::: EFFORT              LIMIT 20000         ACTUAL 39004                            
:::::::::::::::::::::::::::::::: SUBPROBLEMS         LIMIT 50            ACTUAL 10                               
:::::::::::::::::::::::::::::::: SUBSTITUTIONS       LIMIT 50            ACTUAL 11                               

===== 4.25 proof trace started at cycle 564812 =====

===== 4.25 proof trace started at cycle 564812 =====

===== 4.25 proof trace started at cycle 564812 =====
:::::::::::::::::::::::::::::::: TO PROVE                                                                        
:::::::::::::::::::::::::::::::: 4.25    P=(PVP)                                                                 
::::::::::::::::::::::::::::::::            .0   (PI(PVP))*((PVP)IP)  4.01  ,0 REPLACEMENT                       
::::::::::::::::::::::::::::::::            .0   PI(PVP)                    4.20  ,0 FORWARD CHAINING            
::::::::::::::::::::::::::::::::                                                                                 
::::::::::::::::::::::::::::::::                                                                                 
:::::::::::::::::::::::::::::::: PROOF FOUND.                                                                    
::::::::::::::::::::::::::::::::                                                                                 
::::::::::::::::::::::::::::::::           GIVEN                         2.20      AI(AVB)                       
::::::::::::::::::::::::::::::::           SUBSTITUTION                  .0        PI(PVP)                       
::::::::::::::::::::::::::::::::           GIVEN                         4.20      A=A                           
::::::::::::::::::::::::::::::::           FORWARD CHAINING              4.25      P=(PVP)                       
::::::::::::::::::::::::::::::::           Q.E.D.0                                                               
::::::::::::::::::::::::::::::::                                                                                 
::::::::::::::::::::::::::::::::                                                                                 
:::::::::::::::::::::::::::::::: EFFORT              LIMIT 20000         ACTUAL 8727                             
:::::::::::::::::::::::::::::::: SUBPROBLEMS         LIMIT 50            ACTUAL 2                                
:::::::::::::::::::::::::::::::: SUBSTITUTIONS       LIMIT 50            ACTUAL 3                                
::::::::::::::::::::::::::::::::                                                                                 
::::::::::::::::::::::::::::::::                                                                                 
::::::::::::::::::::::::::::::::    REMEMBER PROVED THEOREM                                                      
::::::::::::::::::::::::::::::::                                                                                 
:::::::::::::::::::::::::::::::: 4.25    A=(AVA)                                                                 

Proof graph: 16 major-method invocations captured.
M70:TryMethods  cycle=565501  h5=-
M12:Substitution  cycle=565658  h5=-
M8:MakeMethodList  cycle=566174  h5=+
M7:ApplyMethods  cycle=566186  h5=+
        M16:SublvlRepl-A  cycle=566191  h5=-
        M17:SublvlRepl-B  cycle=566445  h5=-
        M13:Replacement  cycle=566699  h5=-
              M13:Replacement\n*4.01  cycle=567350  h5=+
              M12:Substitution  cycle=569084  h5=-
        M11:Detachment  cycle=569165  h5=-
              M11:Detachment\n*2.08  cycle=569520  h5=-
              M11:Detachment\n*1.2  cycle=570673  h5=-
        M14:FwdChain  cycle=570902  h5=+
              M14:FwdChain\n*4.20  cycle=571305  h5=+
              M12:Substitution  cycle=572251  h5=+
M70:TryMethods  cycle=574178  h5=-

Wrote 17 nodes to /tmp/proof4.25.dot
Render: dot -Tpdf /tmp/proof4.25.dot -o $HOME/Desktop/proof4.25.pdf
Backtrace for: #<SB-THREAD:THREAD "main thread" RUNNING {10016B0003}>
0: (SB-INT:SIMPLE-EVAL-IN-LEXENV (BACKTRACE) #<NULL-LEXENV>)
1: (SB-INT:SIMPLE-EVAL-IN-LEXENV (PROGN (LOAD (COMPILE-FILE "iplv.lisp")) (BACKTRACE)) #<NULL-LEXENV>)
2: (EVAL (PROGN (LOAD (COMPILE-FILE "iplv.lisp")) (BACKTRACE)))
3: (SB-IMPL::PROCESS-EVAL/LOAD-OPTIONS ((:EVAL . "(progn (load (compile-file \"iplv.lisp\")) (backtrace))")))
4: (SB-IMPL::TOPLEVEL-INIT)
5: ((FLET SB-UNIX::BODY :IN SB-IMPL::START-LISP))
6: ((FLET "WITHOUT-INTERRUPTS-BODY-3" :IN SB-IMPL::START-LISP))
7: (SB-IMPL::%START-LISP)
H3 (IPL cycles)=574339
* 