This is SBCL 2.2.6, an implementation of ANSI Common Lisp.
More information about SBCL is available at <http://www.sbcl.org/>.

SBCL is free software, provided as is, with absolutely no warranty.
It is mostly in the public domain; some portions are provided under
BSD-style licenses.  See the CREDITS and COPYING files in the
distribution for more information.
(ql:quickload "...")
(ql:system-apropos "...")
--- Loaded quicklisp ---
To load "fiveam":
  Load 1 ASDF system:
    fiveam
; Loading "fiveam"

; compiling file "/Users/jeffshrager/Desktop/AIHistory/IPL-V/repo/dmoews/../iplv.lisp" (written 03 OCT 2026 09:36:10 AM):

; wrote /Users/jeffshrager/Desktop/AIHistory/IPL-V/repo/dmoews/../iplv.fasl
; compilation finished in 0:00:02.118
WARNING: Cell "M14-9-1" is being added for missing local symbol "9-1"!
WARNING: Cell "M15-9-1" is being added for missing local symbol "9-1"!
WARNING: Cell "M111-9-10" is being added for missing local symbol "9-10"!
:::::::::::::::::::::::::::::::: *1.01   (AIB).=.(-AVB) DEF.                                                     
:::::::::::::::::::::::::::::::: BAD EXPRESSION   ((PVQ/UGH/VR).=.((PVQ)VR))                                     
:::::::::::::::::::::::::::::::: *3.01   (A*B).=.(-(-AV-B)) DEF.                                                 
:::::::::::::::::::::::::::::::: *4.01   (A=B).=.((AIB)*(BIA)) DEF.                                              
:::::::::::::::::::::::::::::::: *1.2    (AVA)IA                                                                 
:::::::::::::::::::::::::::::::: *1.3    BI(AVB)                                                                 
:::::::::::::::::::::::::::::::: *1.4    (AVB)I(BVA)                                                             
:::::::::::::::::::::::::::::::: *1.5    (AV(BVC))I(BV(AVC))                                                     
:::::::::::::::::::::::::::::::: *1.6    (BIC)I((AVB)I(AVC))                                                     
::::::::::::::::::::::::::::::::                                                                                 
::::::::::::::::::::::::::::::::                                                                                 
:::::::::::::::::::::::::::::::: *2.01   (PI-P)I-P                                                               
:::::::::::::::::::::::::::::::: *2.02   QI(PIQ)                                                                 
:::::::::::::::::::::::::::::::: *2.03   (PI-Q)I(QI-P)                                                           
:::::::::::::::::::::::::::::::: *2.04   (PI(QIR))I(QI(PIR))                                                     
:::::::::::::::::::::::::::::::: *2.05   (QIR)I((PIQ)I(PIR))                                                     
:::::::::::::::::::::::::::::::: *2.06   (PIQ)I((QIR)I(PIR))                                                     
:::::::::::::::::::::::::::::::: *2.07   PI(PVP)                                                                 
:::::::::::::::::::::::::::::::: *2.08   PIP                                                                     
:::::::::::::::::::::::::::::::: *2.10   -PVP                                                                    
:::::::::::::::::::::::::::::::: *2.11   PV-P                                                                    
:::::::::::::::::::::::::::::::: *2.12   PI--P                                                                   
:::::::::::::::::::::::::::::::: *2.13   PV---P                                                                  
:::::::::::::::::::::::::::::::: *2.14   --PIP                                                                   
:::::::::::::::::::::::::::::::: *2.15   (-PIQ)I(-QIP)                                                           
:::::::::::::::::::::::::::::::: *2.20   PI(PVQ)                                                                 
:::::::::::::::::::::::::::::::: *2.21   -PI(PIQ)                                                                
:::::::::::::::::::::::::::::::: *2.24   PI(-PIQ)                                                                
:::::::::::::::::::::::::::::::: *3.13   (-(P*Q))I(-PV-Q)                                                        
:::::::::::::::::::::::::::::::: *3.14   (-PV-Q)I(-(P*Q))                                                        
:::::::::::::::::::::::::::::::: *3.24   -(P*-P)                                                                 
:::::::::::::::::::::::::::::::: *4.13   P=--P                                                                   
:::::::::::::::::::::::::::::::: *4.20   P=P                                                                     
:::::::::::::::::::::::::::::::: *4.24   P=(P*P)                                                                 
:::::::::::::::::::::::::::::::: *4.25   P=(PVP)                                                                 
:::::::::::::::::::::::::::::::: TO PROVE                                                                        
:::::::::::::::::::::::::::::::: *2.01   (PI-P)I-P                                                               
::::::::::::::::::::::::::::::::            1.   (-PV-P)I-P                        , SUBLEVEL REPLACEMENT        
::::::::::::::::::::::::::::::::                                                                                 
::::::::::::::::::::::::::::::::                                                                                 
::::::::::::::::::::::::::::::::  PROOF FOUND.                                                                   
::::::::::::::::::::::::::::::::                                                                                 
::::::::::::::::::::::::::::::::           GIVEN                         *1.2      (AVA)IA                       
::::::::::::::::::::::::::::::::           SUBSTITUTION                  1.        (-PV-P)I-P                    
::::::::::::::::::::::::::::::::           GIVEN                                   DEFINITIONS                   
::::::::::::::::::::::::::::::::           SUBLEVEL REPLACEMENT          *2.01     (PI-P)I-P                     
::::::::::::::::::::::::::::::::           Q.E.D.                                                                
::::::::::::::::::::::::::::::::                                                                                 
::::::::::::::::::::::::::::::::                                                                                 
:::::::::::::::::::::::::::::::: EFFORT              LIMIT 200000        ACTUAL 5407                             
:::::::::::::::::::::::::::::::: SUBPROBLEMS         LIMIT 50            ACTUAL 1                                
:::::::::::::::::::::::::::::::: SUBSTITUTIONS       LIMIT 50            ACTUAL 2                                
::::::::::::::::::::::::::::::::                                                                                 
::::::::::::::::::::::::::::::::                                                                                 
::::::::::::::::::::::::::::::::    REMEMBER PROVED THEOREM                                                      
::::::::::::::::::::::::::::::::                                                                                 
:::::::::::::::::::::::::::::::: *2.01   (AI-A)I-A                                                               
:::::::::::::::::::::::::::::::: TO PROVE                                                                        
:::::::::::::::::::::::::::::::: *2.02   QI(PIQ)                                                                 
::::::::::::::::::::::::::::::::            1.   QI(-PVQ)                          , SUBLEVEL REPLACEMENT        
::::::::::::::::::::::::::::::::                                                                                 
::::::::::::::::::::::::::::::::                                                                                 
::::::::::::::::::::::::::::::::  PROOF FOUND.                                                                   
::::::::::::::::::::::::::::::::                                                                                 
::::::::::::::::::::::::::::::::           GIVEN                         *1.3      BI(AVB)                       
::::::::::::::::::::::::::::::::           SUBSTITUTION                  1.        QI(-PVQ)                      
::::::::::::::::::::::::::::::::           GIVEN                                   DEFINITIONS                   
::::::::::::::::::::::::::::::::           SUBLEVEL REPLACEMENT          *2.02     QI(PIQ)                       
::::::::::::::::::::::::::::::::           Q.E.D.                                                                
::::::::::::::::::::::::::::::::                                                                                 
::::::::::::::::::::::::::::::::                                                                                 
:::::::::::::::::::::::::::::::: EFFORT              LIMIT 200000        ACTUAL 4071                             
:::::::::::::::::::::::::::::::: SUBPROBLEMS         LIMIT 50            ACTUAL 1                                
:::::::::::::::::::::::::::::::: SUBSTITUTIONS       LIMIT 50            ACTUAL 2                                
::::::::::::::::::::::::::::::::                                                                                 
::::::::::::::::::::::::::::::::                                                                                 
::::::::::::::::::::::::::::::::    REMEMBER PROVED THEOREM                                                      
::::::::::::::::::::::::::::::::                                                                                 
:::::::::::::::::::::::::::::::: *2.02   AI(BIA)                                                                 
:::::::::::::::::::::::::::::::: TO PROVE                                                                        
:::::::::::::::::::::::::::::::: *2.03   (PI-Q)I(QI-P)                                                           
::::::::::::::::::::::::::::::::            1.   (-PV-Q)I(-QV-P)                   , SUBLEVEL REPLACEMENT        
::::::::::::::::::::::::::::::::                                                                                 
::::::::::::::::::::::::::::::::                                                                                 
::::::::::::::::::::::::::::::::  PROOF FOUND.                                                                   
::::::::::::::::::::::::::::::::                                                                                 
::::::::::::::::::::::::::::::::           GIVEN                         *1.4      (AVB)I(BVA)                   
::::::::::::::::::::::::::::::::           SUBSTITUTION                  1.        (-PV-Q)I(-QV-P)               
::::::::::::::::::::::::::::::::           GIVEN                                   DEFINITIONS                   
::::::::::::::::::::::::::::::::           SUBLEVEL REPLACEMENT          *2.03     (PI-Q)I(QI-P)                 
::::::::::::::::::::::::::::::::           Q.E.D.                                                                
::::::::::::::::::::::::::::::::                                                                                 
::::::::::::::::::::::::::::::::                                                                                 
:::::::::::::::::::::::::::::::: EFFORT              LIMIT 200000        ACTUAL 7968                             
:::::::::::::::::::::::::::::::: SUBPROBLEMS         LIMIT 50            ACTUAL 1                                
:::::::::::::::::::::::::::::::: SUBSTITUTIONS       LIMIT 50            ACTUAL 2                                
::::::::::::::::::::::::::::::::                                                                                 
::::::::::::::::::::::::::::::::                                                                                 
::::::::::::::::::::::::::::::::    REMEMBER PROVED THEOREM                                                      
::::::::::::::::::::::::::::::::                                                                                 
:::::::::::::::::::::::::::::::: *2.03   (AI-B)I(BI-A)                                                           
:::::::::::::::::::::::::::::::: TO PROVE                                                                        
:::::::::::::::::::::::::::::::: *2.04   (PI(QIR))I(QI(PIR))                                                     
::::::::::::::::::::::::::::::::            1.   (PI(-QVR))I(QI(-PVR))             , SUBLEVEL REPLACEMENT        
::::::::::::::::::::::::::::::::            2.   (-PV(QIR))I(-QV(PIR))             , SUBLEVEL REPLACEMENT        
::::::::::::::::::::::::::::::::            3.   (-PV(-QVR))I(-QV(-PVR))           , SUBLEVEL REPLACEMENT        
::::::::::::::::::::::::::::::::                                                                                 
::::::::::::::::::::::::::::::::                                                                                 
::::::::::::::::::::::::::::::::  PROOF FOUND.                                                                   
::::::::::::::::::::::::::::::::                                                                                 
::::::::::::::::::::::::::::::::           GIVEN                         *1.5      (AV(BVC))I(BV(AVC))           
::::::::::::::::::::::::::::::::           SUBSTITUTION                  3.        (-PV(-QVR))I(-QV(-PVR))       
::::::::::::::::::::::::::::::::           GIVEN                                   DEFINITIONS                   
::::::::::::::::::::::::::::::::           SUBLEVEL REPLACEMENT          *2.04     (PI(QIR))I(QI(PIR))           
::::::::::::::::::::::::::::::::           Q.E.D.                                                                
::::::::::::::::::::::::::::::::                                                                                 
::::::::::::::::::::::::::::::::                                                                                 
:::::::::::::::::::::::::::::::: EFFORT              LIMIT 200000        ACTUAL 21574                            
:::::::::::::::::::::::::::::::: SUBPROBLEMS         LIMIT 50            ACTUAL 3                                
:::::::::::::::::::::::::::::::: SUBSTITUTIONS       LIMIT 50            ACTUAL 4                                
::::::::::::::::::::::::::::::::                                                                                 
::::::::::::::::::::::::::::::::                                                                                 
::::::::::::::::::::::::::::::::    REMEMBER PROVED THEOREM                                                      
::::::::::::::::::::::::::::::::                                                                                 
:::::::::::::::::::::::::::::::: *2.04   (AI(BIC))I(BI(AIC))                                                     
:::::::::::::::::::::::::::::::: TO PROVE                                                                        
:::::::::::::::::::::::::::::::: *2.05   (QIR)I((PIQ)I(PIR))                                                     
::::::::::::::::::::::::::::::::            1.   (QIR)I((-PVQ)I(-PVR))             , SUBLEVEL REPLACEMENT        
::::::::::::::::::::::::::::::::                                                                                 
::::::::::::::::::::::::::::::::                                                                                 
::::::::::::::::::::::::::::::::  PROOF FOUND.                                                                   
::::::::::::::::::::::::::::::::                                                                                 
::::::::::::::::::::::::::::::::           GIVEN                         *1.6      (BIC)I((AVB)I(AVC))           
::::::::::::::::::::::::::::::::           SUBSTITUTION                  1.        (QIR)I((-PVQ)I(-PVR))         
::::::::::::::::::::::::::::::::           GIVEN                                   DEFINITIONS                   
::::::::::::::::::::::::::::::::           SUBLEVEL REPLACEMENT          *2.05     (QIR)I((PIQ)I(PIR))           
::::::::::::::::::::::::::::::::           Q.E.D.                                                                
::::::::::::::::::::::::::::::::                                                                                 
::::::::::::::::::::::::::::::::                                                                                 
:::::::::::::::::::::::::::::::: EFFORT              LIMIT 200000        ACTUAL 9022                             
:::::::::::::::::::::::::::::::: SUBPROBLEMS         LIMIT 50            ACTUAL 1                                
:::::::::::::::::::::::::::::::: SUBSTITUTIONS       LIMIT 50            ACTUAL 2                                
::::::::::::::::::::::::::::::::                                                                                 
::::::::::::::::::::::::::::::::                                                                                 
::::::::::::::::::::::::::::::::    REMEMBER PROVED THEOREM                                                      
::::::::::::::::::::::::::::::::                                                                                 
:::::::::::::::::::::::::::::::: *2.05   (AIB)I((CIA)I(CIB))                                                     
:::::::::::::::::::::::::::::::: TO PROVE                                                                        
:::::::::::::::::::::::::::::::: *2.06   (PIQ)I((QIR)I(PIR))                                                     
::::::::::::::::::::::::::::::::            1.   (PIQ)I((-QVR)I(-PVR))             , SUBLEVEL REPLACEMENT        
::::::::::::::::::::::::::::::::            2.   (-PVQ)I((-(QIR))V(PIR))           , SUBLEVEL REPLACEMENT        
::::::::::::::::::::::::::::::::            3.   (-PVQ)I((-(-QVR))V(-PVR))         , SUBLEVEL REPLACEMENT        
::::::::::::::::::::::::::::::::            4.   (-(PIQ))V((QIR)I(PIR))       *1.01, REPLACEMENT                 
::::::::::::::::::::::::::::::::            5.   (QIR)I((PIQ)I(PIR))          *2.04, DETACHMENT                  
::::::::::::::::::::::::::::::::                                                                                 
::::::::::::::::::::::::::::::::                                                                                 
::::::::::::::::::::::::::::::::  PROOF FOUND.                                                                   
::::::::::::::::::::::::::::::::                                                                                 
::::::::::::::::::::::::::::::::           GIVEN                         *2.05     (AIB)I((CIA)I(CIB))           
::::::::::::::::::::::::::::::::           SUBSTITUTION                  5.        (QIR)I((PIQ)I(PIR))           
::::::::::::::::::::::::::::::::           GIVEN                         *2.04     (AI(BIC))I(BI(AIC))           
::::::::::::::::::::::::::::::::           DETACHMENT                    *2.06     (PIQ)I((QIR)I(PIR))           
::::::::::::::::::::::::::::::::           Q.E.D.                                                                
::::::::::::::::::::::::::::::::                                                                                 
::::::::::::::::::::::::::::::::                                                                                 
:::::::::::::::::::::::::::::::: EFFORT              LIMIT 200000        ACTUAL 31189                            
:::::::::::::::::::::::::::::::: SUBPROBLEMS         LIMIT 50            ACTUAL 5                                
:::::::::::::::::::::::::::::::: SUBSTITUTIONS       LIMIT 50            ACTUAL 6                                
::::::::::::::::::::::::::::::::                                                                                 
::::::::::::::::::::::::::::::::                                                                                 
::::::::::::::::::::::::::::::::    REMEMBER PROVED THEOREM                                                      
::::::::::::::::::::::::::::::::                                                                                 
:::::::::::::::::::::::::::::::: *2.06   (AIB)I((BIC)I(AIC))                                                     
:::::::::::::::::::::::::::::::: TO PROVE                                                                        
:::::::::::::::::::::::::::::::: *2.07   PI(PVP)                                                                 
::::::::::::::::::::::::::::::::                                                                                 
::::::::::::::::::::::::::::::::                                                                                 
::::::::::::::::::::::::::::::::  PROOF FOUND.                                                                   
::::::::::::::::::::::::::::::::                                                                                 
::::::::::::::::::::::::::::::::           GIVEN                         *1.3      BI(AVB)                       
::::::::::::::::::::::::::::::::           SUBSTITUTION                  *2.07     PI(PVP)                       
::::::::::::::::::::::::::::::::           Q.E.D.                                                                
::::::::::::::::::::::::::::::::                                                                                 
::::::::::::::::::::::::::::::::                                                                                 
:::::::::::::::::::::::::::::::: EFFORT              LIMIT 200000        ACTUAL 1765                             
:::::::::::::::::::::::::::::::: SUBPROBLEMS         LIMIT 50            ACTUAL 0                                
:::::::::::::::::::::::::::::::: SUBSTITUTIONS       LIMIT 50            ACTUAL 1                                
::::::::::::::::::::::::::::::::                                                                                 
::::::::::::::::::::::::::::::::                                                                                 
::::::::::::::::::::::::::::::::    REMEMBER PROVED THEOREM                                                      
::::::::::::::::::::::::::::::::                                                                                 
:::::::::::::::::::::::::::::::: *2.07   AI(AVA)                                                                 
:::::::::::::::::::::::::::::::: TO PROVE                                                                        
:::::::::::::::::::::::::::::::: *2.08   PIP                                                                     
::::::::::::::::::::::::::::::::            1.   -PVP                         *1.01, REPLACEMENT                 
::::::::::::::::::::::::::::::::            118882   P                        *2.02, DETACHMENT.  REJECTED PROBLE
::::::::::::::::::::::::::::::::            119282   (PIP)V(PIP)              *1.2, DETACHMENT.  REJECTED PROBLEM
::::::::::::::::::::::::::::::::            2.   (PVP)IP                      *2.07, FORWARD CHAINING            
::::::::::::::::::::::::::::::::                                                                                 
::::::::::::::::::::::::::::::::                                                                                 
::::::::::::::::::::::::::::::::  PROOF FOUND.                                                                   
::::::::::::::::::::::::::::::::                                                                                 
::::::::::::::::::::::::::::::::           GIVEN                         *1.2      (AVA)IA                       
::::::::::::::::::::::::::::::::           SUBSTITUTION                  2.        (PVP)IP                       
::::::::::::::::::::::::::::::::           GIVEN                         *2.07     AI(AVA)                       
::::::::::::::::::::::::::::::::           FORWARD CHAINING              *2.08     PIP                           
::::::::::::::::::::::::::::::::           Q.E.D.                                                                
::::::::::::::::::::::::::::::::                                                                                 
::::::::::::::::::::::::::::::::                                                                                 
:::::::::::::::::::::::::::::::: EFFORT              LIMIT 200000        ACTUAL 6069                             
:::::::::::::::::::::::::::::::: SUBPROBLEMS         LIMIT 50            ACTUAL 2                                
:::::::::::::::::::::::::::::::: SUBSTITUTIONS       LIMIT 50            ACTUAL 3                                
::::::::::::::::::::::::::::::::                                                                                 
::::::::::::::::::::::::::::::::                                                                                 
::::::::::::::::::::::::::::::::    REMEMBER PROVED THEOREM                                                      
::::::::::::::::::::::::::::::::                                                                                 
:::::::::::::::::::::::::::::::: *2.08   AIA                                                                     
:::::::::::::::::::::::::::::::: TO PROVE                                                                        
:::::::::::::::::::::::::::::::: *2.10   -PVP                                                                    
::::::::::::::::::::::::::::::::            1.   PIP                          *1.01, REPLACEMENT                 
::::::::::::::::::::::::::::::::                                                                                 
::::::::::::::::::::::::::::::::                                                                                 
::::::::::::::::::::::::::::::::  PROOF FOUND.                                                                   
::::::::::::::::::::::::::::::::                                                                                 
::::::::::::::::::::::::::::::::           GIVEN                         *2.08     AIA                           
::::::::::::::::::::::::::::::::           SUBSTITUTION                  1.        PIP                           
::::::::::::::::::::::::::::::::           GIVEN                         *1.01     (AIB).=.(-AVB) DEF.           
::::::::::::::::::::::::::::::::           REPLACEMENT                   *2.10     -PVP                          
::::::::::::::::::::::::::::::::           Q.E.D.                                                                
::::::::::::::::::::::::::::::::                                                                                 
::::::::::::::::::::::::::::::::                                                                                 
:::::::::::::::::::::::::::::::: EFFORT              LIMIT 200000        ACTUAL 3481                             
:::::::::::::::::::::::::::::::: SUBPROBLEMS         LIMIT 50            ACTUAL 1                                
:::::::::::::::::::::::::::::::: SUBSTITUTIONS       LIMIT 50            ACTUAL 2                                
::::::::::::::::::::::::::::::::                                                                                 
::::::::::::::::::::::::::::::::                                                                                 
::::::::::::::::::::::::::::::::    REMEMBER PROVED THEOREM                                                      
::::::::::::::::::::::::::::::::                                                                                 
:::::::::::::::::::::::::::::::: *2.10   -AVA                                                                    
:::::::::::::::::::::::::::::::: TO PROVE                                                                        
:::::::::::::::::::::::::::::::: *2.11   PV-P                                                                    
::::::::::::::::::::::::::::::::            1.   -PVP                         *1.4, DETACHMENT                   
::::::::::::::::::::::::::::::::                                                                                 
::::::::::::::::::::::::::::::::                                                                                 
::::::::::::::::::::::::::::::::  PROOF FOUND.                                                                   
::::::::::::::::::::::::::::::::                                                                                 
::::::::::::::::::::::::::::::::           GIVEN                         *2.10     -AVA                          
::::::::::::::::::::::::::::::::           SUBSTITUTION                  1.        -PVP                          
::::::::::::::::::::::::::::::::           GIVEN                         *1.4      (AVB)I(BVA)                   
::::::::::::::::::::::::::::::::           DETACHMENT                    *2.11     PV-P                          
::::::::::::::::::::::::::::::::           Q.E.D.                                                                
::::::::::::::::::::::::::::::::                                                                                 
::::::::::::::::::::::::::::::::                                                                                 
:::::::::::::::::::::::::::::::: EFFORT              LIMIT 200000        ACTUAL 4177                             
:::::::::::::::::::::::::::::::: SUBPROBLEMS         LIMIT 50            ACTUAL 1                                
:::::::::::::::::::::::::::::::: SUBSTITUTIONS       LIMIT 50            ACTUAL 2                                
::::::::::::::::::::::::::::::::                                                                                 
::::::::::::::::::::::::::::::::                                                                                 
::::::::::::::::::::::::::::::::    REMEMBER PROVED THEOREM                                                      
::::::::::::::::::::::::::::::::                                                                                 
:::::::::::::::::::::::::::::::: *2.11   AV-A                                                                    
:::::::::::::::::::::::::::::::: TO PROVE                                                                        
:::::::::::::::::::::::::::::::: *2.12   PI--P                                                                   
::::::::::::::::::::::::::::::::            1.   -PV--P                       *1.01, REPLACEMENT                 
::::::::::::::::::::::::::::::::                                                                                 
::::::::::::::::::::::::::::::::                                                                                 
::::::::::::::::::::::::::::::::  PROOF FOUND.                                                                   
::::::::::::::::::::::::::::::::                                                                                 
::::::::::::::::::::::::::::::::           GIVEN                         *2.11     AV-A                          
::::::::::::::::::::::::::::::::           SUBSTITUTION                  1.        -PV--P                        
::::::::::::::::::::::::::::::::           GIVEN                         *1.01     (AIB).=.(-AVB) DEF.           
::::::::::::::::::::::::::::::::           REPLACEMENT                   *2.12     PI--P                         
::::::::::::::::::::::::::::::::           Q.E.D.                                                                
::::::::::::::::::::::::::::::::                                                                                 
::::::::::::::::::::::::::::::::                                                                                 
:::::::::::::::::::::::::::::::: EFFORT              LIMIT 200000        ACTUAL 5525                             
:::::::::::::::::::::::::::::::: SUBPROBLEMS         LIMIT 50            ACTUAL 1                                
:::::::::::::::::::::::::::::::: SUBSTITUTIONS       LIMIT 50            ACTUAL 2                                
::::::::::::::::::::::::::::::::                                                                                 
::::::::::::::::::::::::::::::::                                                                                 
::::::::::::::::::::::::::::::::    REMEMBER PROVED THEOREM                                                      
::::::::::::::::::::::::::::::::                                                                                 
:::::::::::::::::::::::::::::::: *2.12   AI--A                                                                   
:::::::::::::::::::::::::::::::: TO PROVE                                                                        
:::::::::::::::::::::::::::::::: *2.13   PV---P                                                                  
::::::::::::::::::::::::::::::::            1.   ---PVP                       *1.4, DETACHMENT                   
::::::::::::::::::::::::::::::::            144205   ---P                     *1.3, DETACHMENT.  REJECTED PROBLEM
::::::::::::::::::::::::::::::::            144858   PV---P                   *2.08, DETACHMENT.  REJECTED PROBLE
::::::::::::::::::::::::::::::::            146562   (PV---P)V(PV---P)        *1.2, DETACHMENT.  REJECTED PROBLEM
::::::::::::::::::::::::::::::::            2.   -PI---P                      *2.11, FORWARD CHAINING            
::::::::::::::::::::::::::::::::                                                                                 
::::::::::::::::::::::::::::::::                                                                                 
::::::::::::::::::::::::::::::::  PROOF FOUND.                                                                   
::::::::::::::::::::::::::::::::                                                                                 
::::::::::::::::::::::::::::::::           GIVEN                         *2.12     AI--A                         
::::::::::::::::::::::::::::::::           SUBSTITUTION                  2.        -PI---P                       
::::::::::::::::::::::::::::::::           GIVEN                         *2.11     AV-A                          
::::::::::::::::::::::::::::::::           FORWARD CHAINING              *2.13     PV---P                        
::::::::::::::::::::::::::::::::           Q.E.D.                                                                
::::::::::::::::::::::::::::::::                                                                                 
::::::::::::::::::::::::::::::::                                                                                 
:::::::::::::::::::::::::::::::: EFFORT              LIMIT 200000        ACTUAL 12219                            
:::::::::::::::::::::::::::::::: SUBPROBLEMS         LIMIT 50            ACTUAL 2                                
:::::::::::::::::::::::::::::::: SUBSTITUTIONS       LIMIT 50            ACTUAL 3                                
::::::::::::::::::::::::::::::::                                                                                 
::::::::::::::::::::::::::::::::                                                                                 
::::::::::::::::::::::::::::::::    REMEMBER PROVED THEOREM                                                      
::::::::::::::::::::::::::::::::                                                                                 
:::::::::::::::::::::::::::::::: *2.13   AV---A                                                                  
:::::::::::::::::::::::::::::::: TO PROVE                                                                        
:::::::::::::::::::::::::::::::: *2.14   --PIP                                                                   
::::::::::::::::::::::::::::::::            1.   ---PVP                       *1.01, REPLACEMENT                 
::::::::::::::::::::::::::::::::            156450   P                        *2.02, DETACHMENT.  REJECTED PROBLE
::::::::::::::::::::::::::::::::            156942   --PIP                    *2.08, DETACHMENT.  REJECTED PROBLE
::::::::::::::::::::::::::::::::            158374   (--PIP)V(--PIP)          *1.2, DETACHMENT.  REJECTED PROBLEM
::::::::::::::::::::::::::::::::            2.   ----PIP                      *2.12, FORWARD CHAINING            
::::::::::::::::::::::::::::::::            161658   --PIP                    *2.08, FORWARD CHAINING.  REJEC    
::::::::::::::::::::::::::::::::            3.   (--PV--P)IP                  *2.07, FORWARD CHAINING            
::::::::::::::::::::::::::::::::            4.   (BI--P)IP                    *2.02, FORWARD CHAINING            
::::::::::::::::::::::::::::::::            5.   (AV--P)IP                    *1.3, FORWARD CHAINING             
::::::::::::::::::::::::::::::::            171679   --PIP                    *2.08, BACKWARD CHAINING.  REJEC   
::::::::::::::::::::::::::::::::            6.   --PI(PVP)                    *1.2, BACKWARD CHAINING            
:::::::::::::::::::::::::::::::: 6.      --PI(PVP)                                                               
::::::::::::::::::::::::::::::::            7.   ---PV(PVP)                   *1.01, REPLACEMENT                 
::::::::::::::::::::::::::::::::            179388   PVP                      *2.02, DETACHMENT.  REJECTED PROBLE
::::::::::::::::::::::::::::::::            180059   --PI(PVP)                *2.08, DETACHMENT.  REJECTED PROBLE
::::::::::::::::::::::::::::::::            181885   (--PI(PVP))V(--PI(PVP))  *1.2, DETACHMENT.  REJECTED PROBLEM
::::::::::::::::::::::::::::::::            8.   ----PI(PVP)                  *2.12, FORWARD CHAINING            
::::::::::::::::::::::::::::::::            186627   --PI(PVP)                *2.08, FORWARD CHAINING.  REJEC    
::::::::::::::::::::::::::::::::            9.   (--PV--P)I(PVP)              *2.07, FORWARD CHAINING            
::::::::::::::::::::::::::::::::            10.   (BI--P)I(PVP)               *2.02, FORWARD CHAINING            
::::::::::::::::::::::::::::::::            11.   (AV--P)I(PVP)               *1.3, FORWARD CHAINING             
::::::::::::::::::::::::::::::::            203186   --PIP                    *2.07, BACKWARD CHAINING.  REJEC   
::::::::::::::::::::::::::::::::            204762   --PI(PVP)                *1.4, BACKWARD CHAINING.  REJEC    
::::::::::::::::::::::::::::::::            206705   --PIP                    *1.3, BACKWARD CHAINING.  REJEC    
::::::::::::::::::::::::::::::::            208223   --PI(PVP)                *2.08, BACKWARD CHAINING.  REJEC   
::::::::::::::::::::::::::::::::            12.   --PI((PVP)V(PVP))           *1.2, BACKWARD CHAINING            
:::::::::::::::::::::::::::::::: 12.     --PI((PVP)V(PVP))                                                       
::::::::::::::::::::::::::::::::            13.   ---PV((PVP)V(PVP))          *1.01, REPLACEMENT                 
::::::::::::::::::::::::::::::::            218186   (PVP)V(PVP)              *2.02, DETACHMENT.  REJECTED PROBLE
::::::::::::::::::::::::::::::::            219192   --PI((PVP)V(PVP))        *2.08, DETACHMENT.  REJECTED PROBLE
::::::::::::::::::::::::::::::::            221808   (--PI((PVP)V(PVP)))V(--PI((PVP)V(PVP)))  *1.2, DETACHMENT.  
::::::::::::::::::::::::::::::::            14.   ----PI((PVP)V(PVP))         *2.12, FORWARD CHAINING            
::::::::::::::::::::::::::::::::            227979   --PI((PVP)V(PVP))        *2.08, FORWARD CHAINING.  REJEC    
::::::::::::::::::::::::::::::::            15.   (--PV--P)I((PVP)V(PVP))     *2.07, FORWARD CHAINING            
::::::::::::::::::::::::::::::::            16.   (BI--P)I((PVP)V(PVP))       *2.02, FORWARD CHAINING            
::::::::::::::::::::::::::::::::            17.   (AV--P)I((PVP)V(PVP))       *1.3, FORWARD CHAINING             
::::::::::::::::::::::::::::::::            249056   --PI(PVP)                *2.07, BACKWARD CHAINING.  REJEC   
::::::::::::::::::::::::::::::::            18.   --PI(PV((PVP)VP))           *1.5, BACKWARD CHAINING            
::::::::::::::::::::::::::::::::            255276   --PI((PVP)V(PVP))        *1.4, BACKWARD CHAINING.  REJEC    
::::::::::::::::::::::::::::::::            258005   --PI(PVP)                *1.3, BACKWARD CHAINING.  REJEC    
::::::::::::::::::::::::::::::::            259992   --PI((PVP)V(PVP))        *2.08, BACKWARD CHAINING.  REJEC   
::::::::::::::::::::::::::::::::            19.   --PI(((PVP)V(PVP))V((PVP)V(PVP)))  *1.2, BACKWARD CHAINING     
:::::::::::::::::::::::::::::::: 1.      ---PVP                                                                  
::::::::::::::::::::::::::::::::            268548   --PIP                    *1.01, REPLACEMENT.  REJECTED P    
::::::::::::::::::::::::::::::::            20.   PV---P                      *1.4, DETACHMENT                   
::::::::::::::::::::::::::::::::                                                                                 
::::::::::::::::::::::::::::::::                                                                                 
::::::::::::::::::::::::::::::::  PROOF FOUND.                                                                   
::::::::::::::::::::::::::::::::                                                                                 
::::::::::::::::::::::::::::::::           GIVEN                         *2.13     AV---A                        
::::::::::::::::::::::::::::::::           SUBSTITUTION                  20.       PV---P                        
::::::::::::::::::::::::::::::::           GIVEN                         *1.4      (AVB)I(BVA)                   
::::::::::::::::::::::::::::::::           DETACHMENT                    1.        ---PVP                        
::::::::::::::::::::::::::::::::           GIVEN                         *1.01     (AIB).=.(-AVB) DEF.           
::::::::::::::::::::::::::::::::           REPLACEMENT                   *2.14     --PIP                         
::::::::::::::::::::::::::::::::           Q.E.D.                                                                
::::::::::::::::::::::::::::::::                                                                                 
::::::::::::::::::::::::::::::::                                                                                 
:::::::::::::::::::::::::::::::: EFFORT              LIMIT 200000        ACTUAL 120482                           
:::::::::::::::::::::::::::::::: SUBPROBLEMS         LIMIT 50            ACTUAL 20                               
:::::::::::::::::::::::::::::::: SUBSTITUTIONS       LIMIT 50            ACTUAL 21                               
::::::::::::::::::::::::::::::::                                                                                 
::::::::::::::::::::::::::::::::                                                                                 
::::::::::::::::::::::::::::::::    REMEMBER PROVED THEOREM                                                      
::::::::::::::::::::::::::::::::                                                                                 
:::::::::::::::::::::::::::::::: *2.14   --AIA                                                                   
:::::::::::::::::::::::::::::::: TO PROVE                                                                        
:::::::::::::::::::::::::::::::: *2.15   (-PIQ)I(-QIP)                                                           
::::::::::::::::::::::::::::::::            1.   (--PVQ)I(--QVP)                   , SUBLEVEL REPLACEMENT        
::::::::::::::::::::::::::::::::            283313   (--PVQ)I(--QVP)               , SUBLEVEL REPLACEMENT.  REJEC
::::::::::::::::::::::::::::::::            2.   (-(-PIQ))V(-QIP)             *1.01, REPLACEMENT                 
::::::::::::::::::::::::::::::::            3.   -QI((-PIQ)IP)                *2.04, DETACHMENT                  
::::::::::::::::::::::::::::::::            4.   -QIP                         *2.02, DETACHMENT                  
::::::::::::::::::::::::::::::::            5.   -(-((-PIQ)I(-QIP)))          *2.14, DETACHMENT                  
::::::::::::::::::::::::::::::::            299852   (-PIQ)I(-QIP)            *2.08, DETACHMENT.  REJECTED PROBLE
::::::::::::::::::::::::::::::::            302058   ((-PIQ)I(-QIP))V((-PIQ)I(-QIP))  *1.2, DETACHMENT.  REJEC   
::::::::::::::::::::::::::::::::            6.   ((QIC)I(-PIC))I(-QIP)        *2.06, FORWARD CHAINING            
::::::::::::::::::::::::::::::::            7.   ((CI-P)I(CIQ))I(-QIP)        *2.05, FORWARD CHAINING            
::::::::::::::::::::::::::::::::            8.   ((AV-P)I(AVQ))I(-QIP)        *1.6, FORWARD CHAINING             
::::::::::::::::::::::::::::::::            9.   (-(-(-PIQ)))I(-QIP)          *2.12, FORWARD CHAINING            
::::::::::::::::::::::::::::::::            322023   (-PIQ)I(-QIP)            *2.08, FORWARD CHAINING.  REJEC    
::::::::::::::::::::::::::::::::            10.   ((-PIQ)V(-PIQ))I(-QIP)      *2.07, FORWARD CHAINING            
::::::::::::::::::::::::::::::::            11.   (BI(-PIQ))I(-QIP)           *2.02, FORWARD CHAINING            
::::::::::::::::::::::::::::::::            12.   (AV(-PIQ))I(-QIP)           *1.3, FORWARD CHAINING             
::::::::::::::::::::::::::::::::            13.   (-PIQ)IP                    *2.02, BACKWARD CHAINING           
::::::::::::::::::::::::::::::::            14.   (-PIQ)I(-(-(-QIP)))         *2.14, BACKWARD CHAINING           
::::::::::::::::::::::::::::::::            344338   (-PIQ)I(-QIP)            *2.08, BACKWARD CHAINING.  REJEC   
::::::::::::::::::::::::::::::::            15.   (-PIQ)I((-QIP)V(-QIP))      *1.2, BACKWARD CHAINING            
:::::::::::::::::::::::::::::::: 4.      -QIP                                                                    
::::::::::::::::::::::::::::::::            16.   --QVP                       *1.01, REPLACEMENT                 
::::::::::::::::::::::::::::::::            353615   P                        *2.02, DETACHMENT.  REJECTED PROBLE
::::::::::::::::::::::::::::::::            17.   -(-(-QIP))                  *2.14, DETACHMENT                  
::::::::::::::::::::::::::::::::            355640   -QIP                     *2.08, DETACHMENT.  REJECTED PROBLE
::::::::::::::::::::::::::::::::            356845   (-QIP)V(-QIP)            *1.2, DETACHMENT.  REJECTED PROBLEM
::::::::::::::::::::::::::::::::            18.   ---QIP                      *2.12, FORWARD CHAINING            
::::::::::::::::::::::::::::::::            360188   -QIP                     *2.08, FORWARD CHAINING.  REJEC    
::::::::::::::::::::::::::::::::            19.   (-QV-Q)IP                   *2.07, FORWARD CHAINING            
::::::::::::::::::::::::::::::::            20.   (BI-Q)IP                    *2.02, FORWARD CHAINING            
::::::::::::::::::::::::::::::::            21.   (AV-Q)IP                    *1.3, FORWARD CHAINING             
::::::::::::::::::::::::::::::::            22.   -QI--P                      *2.14, BACKWARD CHAINING           
::::::::::::::::::::::::::::::::            371545   -QIP                     *2.08, BACKWARD CHAINING.  REJEC   
::::::::::::::::::::::::::::::::            23.   -QI(PVP)                    *1.2, BACKWARD CHAINING            
:::::::::::::::::::::::::::::::: 23.     -QI(PVP)                                                                
::::::::::::::::::::::::::::::::            24.   --QV(PVP)                   *1.01, REPLACEMENT                 
::::::::::::::::::::::::::::::::            378541   PVP                      *2.02, DETACHMENT.  REJECTED PROBLE
::::::::::::::::::::::::::::::::            25.   -(-(-QI(PVP)))              *2.14, DETACHMENT                  
::::::::::::::::::::::::::::::::            381108   -QI(PVP)                 *2.08, DETACHMENT.  REJECTED PROBLE
::::::::::::::::::::::::::::::::            382707   (-QI(PVP))V(-QI(PVP))    *1.2, DETACHMENT.  REJECTED PROBLEM
::::::::::::::::::::::::::::::::            26.   ---QI(PVP)                  *2.12, FORWARD CHAINING            
::::::::::::::::::::::::::::::::            387498   -QI(PVP)                 *2.08, FORWARD CHAINING.  REJEC    
::::::::::::::::::::::::::::::::            27.   (-QV-Q)I(PVP)               *2.07, FORWARD CHAINING            
::::::::::::::::::::::::::::::::            28.   (BI-Q)I(PVP)                *2.02, FORWARD CHAINING            
::::::::::::::::::::::::::::::::            29.   (AV-Q)I(PVP)                *1.3, FORWARD CHAINING             
::::::::::::::::::::::::::::::::            402681   -QIP                     *2.07, BACKWARD CHAINING.  REJEC   
::::::::::::::::::::::::::::::::            404032   -QI(PVP)                 *1.4, BACKWARD CHAINING.  REJEC    
::::::::::::::::::::::::::::::::            405750   -QIP                     *1.3, BACKWARD CHAINING.  REJEC    
::::::::::::::::::::::::::::::::            30.   -QI(-(-(PVP)))              *2.14, BACKWARD CHAINING           
::::::::::::::::::::::::::::::::            409983   -QI(PVP)                 *2.08, BACKWARD CHAINING.  REJEC   
::::::::::::::::::::::::::::::::            31.   -QI((PVP)V(PVP))            *1.2, BACKWARD CHAINING            
:::::::::::::::::::::::::::::::: 13.     (-PIQ)IP                                                                
::::::::::::::::::::::::::::::::            32.   (-(-PIQ))VP                 *1.01, REPLACEMENT                 
::::::::::::::::::::::::::::::::            418339   P                        *2.02, DETACHMENT.  REJECTED PROBLE
::::::::::::::::::::::::::::::::            33.   -(-((-PIQ)IP))              *2.14, DETACHMENT                  
::::::::::::::::::::::::::::::::            420810   (-PIQ)IP                 *2.08, DETACHMENT.  REJECTED PROBLE
::::::::::::::::::::::::::::::::            422419   ((-PIQ)IP)V((-PIQ)IP)    *1.2, DETACHMENT.  REJECTED PROBLEM
::::::::::::::::::::::::::::::::            34.   ((QIC)I(-PIC))IP            *2.06, FORWARD CHAINING            
::::::::::::::::::::::::::::::::            35.   ((CI-P)I(CIQ))IP            *2.05, FORWARD CHAINING            
::::::::::::::::::::::::::::::::            36.   ((AV-P)I(AVQ))IP            *1.6, FORWARD CHAINING             
::::::::::::::::::::::::::::::::            37.   (-(-(-PIQ)))IP              *2.12, FORWARD CHAINING            
::::::::::::::::::::::::::::::::            436826   (-PIQ)IP                 *2.08, FORWARD CHAINING.  REJEC    
::::::::::::::::::::::::::::::::            38.   ((-PIQ)V(-PIQ))IP           *2.07, FORWARD CHAINING            
::::::::::::::::::::::::::::::::            39.   (BI(-PIQ))IP                *2.02, FORWARD CHAINING            
::::::::::::::::::::::::::::::::            40.   (AV(-PIQ))IP                *1.3, FORWARD CHAINING             
::::::::::::::::::::::::::::::::            41.   (-PIQ)I--P                  *2.14, BACKWARD CHAINING           
::::::::::::::::::::::::::::::::            451014   (-PIQ)IP                 *2.08, BACKWARD CHAINING.  REJEC   
::::::::::::::::::::::::::::::::            42.   (-PIQ)I(PVP)                *1.2, BACKWARD CHAINING            
:::::::::::::::::::::::::::::::: 16.     --QVP                                                                   
::::::::::::::::::::::::::::::::            456604   -QIP                     *1.01, REPLACEMENT.  REJECTED P    
::::::::::::::::::::::::::::::::            43.   PV--Q                       *1.4, DETACHMENT                   
::::::::::::::::::::::::::::::::            460367   P                        *1.3, DETACHMENT.  REJECTED PROBLEM
::::::::::::::::::::::::::::::::            44.   -(-(--QVP))                 *2.14, DETACHMENT                  
::::::::::::::::::::::::::::::::            462695   --QVP                    *2.08, DETACHMENT.  REJECTED PROBLE
::::::::::::::::::::::::::::::::            464173   (--QVP)V(--QVP)          *1.2, DETACHMENT.  REJECTED PROBLEM
::::::::::::::::::::::::::::::::            465295   -QIP                     *2.10, FORWARD CHAINING.  REJEC    
::::::::::::::::::::::::::::::::            45.   -----QIP                    *2.13, FORWARD CHAINING            
::::::::::::::::::::::::::::::::            469462   ---QIP                   *2.11, FORWARD CHAINING.  REJEC    
::::::::::::::::::::::::::::::::            46.   --QI--P                     *2.14, BACKWARD CHAINING           
::::::::::::::::::::::::::::::::            47.   --QIP                       *2.08, BACKWARD CHAINING           
::::::::::::::::::::::::::::::::            48.   --QI(PVP)                   *1.2, BACKWARD CHAINING            
:::::::::::::::::::::::::::::::: NO PROOF FOUND                                                                  
::::::::::::::::::::::::::::::::                                                                                 
::::::::::::::::::::::::::::::::                                                                                 
:::::::::::::::::::::::::::::::: EFFORT              LIMIT 200000        ACTUAL 200838                           
:::::::::::::::::::::::::::::::: SUBPROBLEMS         LIMIT 50            ACTUAL 48                               
:::::::::::::::::::::::::::::::: SUBSTITUTIONS       LIMIT 50            ACTUAL 49                               
:::::::::::::::::::::::::::::::: TO PROVE                                                                        
:::::::::::::::::::::::::::::::: *2.20   PI(PVQ)                                                                 
::::::::::::::::::::::::::::::::            1.   -PV(PVQ)                     *1.01, REPLACEMENT                 
::::::::::::::::::::::::::::::::            2.   PVQ                          *2.02, DETACHMENT                  
::::::::::::::::::::::::::::::::            3.   -(-(PI(PVQ)))                *2.14, DETACHMENT                  
::::::::::::::::::::::::::::::::            488275   PI(PVQ)                  *2.08, DETACHMENT.  REJECTED PROBLE
::::::::::::::::::::::::::::::::            489655   (PI(PVQ))V(PI(PVQ))      *1.2, DETACHMENT.  REJECTED PROBLEM
::::::::::::::::::::::::::::::::            4.   --PI(PVQ)                    *2.12, FORWARD CHAINING            
::::::::::::::::::::::::::::::::            493971   PI(PVQ)                  *2.08, FORWARD CHAINING.  REJEC    
::::::::::::::::::::::::::::::::            5.   (PVP)I(PVQ)                  *2.07, FORWARD CHAINING            
::::::::::::::::::::::::::::::::            6.   (BIP)I(PVQ)                  *2.02, FORWARD CHAINING            
::::::::::::::::::::::::::::::::            7.   (AVP)I(PVQ)                  *1.3, FORWARD CHAINING             
::::::::::::::::::::::::::::::::                                                                                 
::::::::::::::::::::::::::::::::                                                                                 
::::::::::::::::::::::::::::::::  PROOF FOUND.                                                                   
::::::::::::::::::::::::::::::::                                                                                 
::::::::::::::::::::::::::::::::           GIVEN                         *1.4      (AVB)I(BVA)                   
::::::::::::::::::::::::::::::::           SUBSTITUTION                  7.        (CVP)I(PVQ)                   
::::::::::::::::::::::::::::::::           GIVEN                         *1.3      BI(AVB)                       
::::::::::::::::::::::::::::::::           FORWARD CHAINING              *2.20     PI(PVQ)                       
::::::::::::::::::::::::::::::::           Q.E.D.                                                                
::::::::::::::::::::::::::::::::                                                                                 
::::::::::::::::::::::::::::::::                                                                                 
:::::::::::::::::::::::::::::::: EFFORT              LIMIT 200000        ACTUAL 25567                            
:::::::::::::::::::::::::::::::: SUBPROBLEMS         LIMIT 50            ACTUAL 7                                
:::::::::::::::::::::::::::::::: SUBSTITUTIONS       LIMIT 50            ACTUAL 8                                
::::::::::::::::::::::::::::::::                                                                                 
::::::::::::::::::::::::::::::::                                                                                 
::::::::::::::::::::::::::::::::    REMEMBER PROVED THEOREM                                                      
::::::::::::::::::::::::::::::::                                                                                 
:::::::::::::::::::::::::::::::: *2.20   AI(AVB)                                                                 
:::::::::::::::::::::::::::::::: TO PROVE                                                                        
:::::::::::::::::::::::::::::::: *2.21   -PI(PIQ)                                                                
::::::::::::::::::::::::::::::::            1.   -PI(-PVQ)                         , SUBLEVEL REPLACEMENT        
::::::::::::::::::::::::::::::::                                                                                 
::::::::::::::::::::::::::::::::                                                                                 
::::::::::::::::::::::::::::::::  PROOF FOUND.                                                                   
::::::::::::::::::::::::::::::::                                                                                 
::::::::::::::::::::::::::::::::           GIVEN                         *2.20     AI(AVB)                       
::::::::::::::::::::::::::::::::           SUBSTITUTION                  1.        -PI(-PVQ)                     
::::::::::::::::::::::::::::::::           GIVEN                                   DEFINITIONS                   
::::::::::::::::::::::::::::::::           SUBLEVEL REPLACEMENT          *2.21     -PI(PIQ)                      
::::::::::::::::::::::::::::::::           Q.E.D.                                                                
::::::::::::::::::::::::::::::::                                                                                 
::::::::::::::::::::::::::::::::                                                                                 
:::::::::::::::::::::::::::::::: EFFORT              LIMIT 200000        ACTUAL 5380                             
:::::::::::::::::::::::::::::::: SUBPROBLEMS         LIMIT 50            ACTUAL 1                                
:::::::::::::::::::::::::::::::: SUBSTITUTIONS       LIMIT 50            ACTUAL 2                                
::::::::::::::::::::::::::::::::                                                                                 
::::::::::::::::::::::::::::::::                                                                                 
::::::::::::::::::::::::::::::::    REMEMBER PROVED THEOREM                                                      
::::::::::::::::::::::::::::::::                                                                                 
:::::::::::::::::::::::::::::::: *2.21   -AI(AIB)                                                                
:::::::::::::::::::::::::::::::: TO PROVE                                                                        
:::::::::::::::::::::::::::::::: *2.24   PI(-PIQ)                                                                
::::::::::::::::::::::::::::::::            1.   PI(--PVQ)                         , SUBLEVEL REPLACEMENT        
::::::::::::::::::::::::::::::::            518676   PI(--PVQ)                     , SUBLEVEL REPLACEMENT.  REJEC
::::::::::::::::::::::::::::::::            2.   -PV(-PIQ)                    *1.01, REPLACEMENT                 
::::::::::::::::::::::::::::::::            524113   -P                       *2.21, DETACHMENT.  REJECTED PROBLE
::::::::::::::::::::::::::::::::            3.   -PI(PIQ)                     *2.04, DETACHMENT                  
::::::::::::::::::::::::::::::::                                                                                 
::::::::::::::::::::::::::::::::                                                                                 
::::::::::::::::::::::::::::::::  PROOF FOUND.                                                                   
::::::::::::::::::::::::::::::::                                                                                 
::::::::::::::::::::::::::::::::           GIVEN                         *2.21     -AI(AIB)                      
::::::::::::::::::::::::::::::::           SUBSTITUTION                  3.        -PI(PIQ)                      
::::::::::::::::::::::::::::::::           GIVEN                         *2.04     (AI(BIC))I(BI(AIC))           
::::::::::::::::::::::::::::::::           DETACHMENT                    *2.24     PI(-PIQ)                      
::::::::::::::::::::::::::::::::           Q.E.D.                                                                
::::::::::::::::::::::::::::::::                                                                                 
::::::::::::::::::::::::::::::::                                                                                 
:::::::::::::::::::::::::::::::: EFFORT              LIMIT 200000        ACTUAL 14411                            
:::::::::::::::::::::::::::::::: SUBPROBLEMS         LIMIT 50            ACTUAL 3                                
:::::::::::::::::::::::::::::::: SUBSTITUTIONS       LIMIT 50            ACTUAL 4                                
::::::::::::::::::::::::::::::::                                                                                 
::::::::::::::::::::::::::::::::                                                                                 
::::::::::::::::::::::::::::::::    REMEMBER PROVED THEOREM                                                      
::::::::::::::::::::::::::::::::                                                                                 
:::::::::::::::::::::::::::::::: *2.24   AI(-AIB)                                                                
:::::::::::::::::::::::::::::::: TO PROVE                                                                        
:::::::::::::::::::::::::::::::: *3.13   (-(P*Q))I(-PV-Q)                                                        
::::::::::::::::::::::::::::::::            1.   (-(-(-PV-Q)))I(-PV-Q)             , SUBLEVEL REPLACEMENT        
::::::::::::::::::::::::::::::::                                                                                 
::::::::::::::::::::::::::::::::                                                                                 
::::::::::::::::::::::::::::::::  PROOF FOUND.                                                                   
::::::::::::::::::::::::::::::::                                                                                 
::::::::::::::::::::::::::::::::           GIVEN                         *2.14     --AIA                         
::::::::::::::::::::::::::::::::           SUBSTITUTION                  1.        (-(-(-PV-Q)))I(-PV-Q)         
::::::::::::::::::::::::::::::::           GIVEN                                   DEFINITIONS                   
::::::::::::::::::::::::::::::::           SUBLEVEL REPLACEMENT          *3.13     (-(P*Q))I(-PV-Q)              
::::::::::::::::::::::::::::::::           Q.E.D.                                                                
::::::::::::::::::::::::::::::::                                                                                 
::::::::::::::::::::::::::::::::                                                                                 
:::::::::::::::::::::::::::::::: EFFORT              LIMIT 200000        ACTUAL 8830                             
:::::::::::::::::::::::::::::::: SUBPROBLEMS         LIMIT 50            ACTUAL 1                                
:::::::::::::::::::::::::::::::: SUBSTITUTIONS       LIMIT 50            ACTUAL 2                                
::::::::::::::::::::::::::::::::                                                                                 
::::::::::::::::::::::::::::::::                                                                                 
::::::::::::::::::::::::::::::::    REMEMBER PROVED THEOREM                                                      
::::::::::::::::::::::::::::::::                                                                                 
:::::::::::::::::::::::::::::::: *3.13   (-(A*B))I(-AV-B)                                                        
:::::::::::::::::::::::::::::::: TO PROVE                                                                        
:::::::::::::::::::::::::::::::: *3.14   (-PV-Q)I(-(P*Q))                                                        
::::::::::::::::::::::::::::::::            1.   (-PV-Q)I(-(-(-PV-Q)))             , SUBLEVEL REPLACEMENT        
::::::::::::::::::::::::::::::::                                                                                 
::::::::::::::::::::::::::::::::                                                                                 
::::::::::::::::::::::::::::::::  PROOF FOUND.                                                                   
::::::::::::::::::::::::::::::::                                                                                 
::::::::::::::::::::::::::::::::           GIVEN                         *2.12     AI--A                         
::::::::::::::::::::::::::::::::           SUBSTITUTION                  1.        (-PV-Q)I(-(-(-PV-Q)))         
::::::::::::::::::::::::::::::::           GIVEN                                   DEFINITIONS                   
::::::::::::::::::::::::::::::::           SUBLEVEL REPLACEMENT          *3.14     (-PV-Q)I(-(P*Q))              
::::::::::::::::::::::::::::::::           Q.E.D.                                                                
::::::::::::::::::::::::::::::::                                                                                 
::::::::::::::::::::::::::::::::                                                                                 
:::::::::::::::::::::::::::::::: EFFORT              LIMIT 200000        ACTUAL 8483                             
:::::::::::::::::::::::::::::::: SUBPROBLEMS         LIMIT 50            ACTUAL 1                                
:::::::::::::::::::::::::::::::: SUBSTITUTIONS       LIMIT 50            ACTUAL 2                                
::::::::::::::::::::::::::::::::                                                                                 
::::::::::::::::::::::::::::::::                                                                                 
::::::::::::::::::::::::::::::::    REMEMBER PROVED THEOREM                                                      
::::::::::::::::::::::::::::::::                                                                                 
:::::::::::::::::::::::::::::::: *3.14   (-AV-B)I(-(A*B))                                                        
:::::::::::::::::::::::::::::::: TO PROVE                                                                        
:::::::::::::::::::::::::::::::: *3.24   -(P*-P)                                                                 
::::::::::::::::::::::::::::::::            1.   -(-(-PV--P))                      , SUBLEVEL REPLACEMENT        
::::::::::::::::::::::::::::::::            551687   -(-(-PV--P))                  , SUBLEVEL REPLACEMENT.  REJEC
::::::::::::::::::::::::::::::::            2.   -PV--P                       *3.14, DETACHMENT                  
::::::::::::::::::::::::::::::::                                                                                 
::::::::::::::::::::::::::::::::                                                                                 
::::::::::::::::::::::::::::::::  PROOF FOUND.                                                                   
::::::::::::::::::::::::::::::::                                                                                 
::::::::::::::::::::::::::::::::           GIVEN                         *2.11     AV-A                          
::::::::::::::::::::::::::::::::           SUBSTITUTION                  2.        -PV--P                        
::::::::::::::::::::::::::::::::           GIVEN                         *3.14     (-AV-B)I(-(A*B))              
::::::::::::::::::::::::::::::::           DETACHMENT                    *3.24     -(P*-P)                       
::::::::::::::::::::::::::::::::           Q.E.D.                                                                
::::::::::::::::::::::::::::::::                                                                                 
::::::::::::::::::::::::::::::::                                                                                 
:::::::::::::::::::::::::::::::: EFFORT              LIMIT 200000        ACTUAL 9675                             
:::::::::::::::::::::::::::::::: SUBPROBLEMS         LIMIT 50            ACTUAL 2                                
:::::::::::::::::::::::::::::::: SUBSTITUTIONS       LIMIT 50            ACTUAL 3                                
::::::::::::::::::::::::::::::::                                                                                 
::::::::::::::::::::::::::::::::                                                                                 
::::::::::::::::::::::::::::::::    REMEMBER PROVED THEOREM                                                      
::::::::::::::::::::::::::::::::                                                                                 
:::::::::::::::::::::::::::::::: *3.24   -(A*-A)                                                                 
:::::::::::::::::::::::::::::::: TO PROVE                                                                        
:::::::::::::::::::::::::::::::: *4.13   P=--P                                                                   
::::::::::::::::::::::::::::::::            1.   (PI--P)*(--PIP)              *4.01, REPLACEMENT                 
::::::::::::::::::::::::::::::::            2.   -(-(P=--P))                  *2.14, DETACHMENT                  
::::::::::::::::::::::::::::::::            565376   P=--P                    *2.08, DETACHMENT.  REJECTED PROBLE
::::::::::::::::::::::::::::::::            566812   (P=--P)V(P=--P)          *1.2, DETACHMENT.  REJECTED PROBLEM
::::::::::::::::::::::::::::::::            3.   PIP                          *2.12, BACKWARD CHAINING           
::::::::::::::::::::::::::::::::                                                                                 
::::::::::::::::::::::::::::::::                                                                                 
::::::::::::::::::::::::::::::::  PROOF FOUND.                                                                   
::::::::::::::::::::::::::::::::                                                                                 
::::::::::::::::::::::::::::::::           GIVEN                         *2.08     AIA                           
::::::::::::::::::::::::::::::::           SUBSTITUTION                  3.        PIP                           
::::::::::::::::::::::::::::::::           GIVEN                         *2.12     AI--A                         
::::::::::::::::::::::::::::::::           BACKWARD CHAINING             *4.13     P=--P                         
::::::::::::::::::::::::::::::::           Q.E.D.                                                                
::::::::::::::::::::::::::::::::                                                                                 
::::::::::::::::::::::::::::::::                                                                                 
:::::::::::::::::::::::::::::::: EFFORT              LIMIT 200000        ACTUAL 10652                            
:::::::::::::::::::::::::::::::: SUBPROBLEMS         LIMIT 50            ACTUAL 3                                
:::::::::::::::::::::::::::::::: SUBSTITUTIONS       LIMIT 50            ACTUAL 4                                
::::::::::::::::::::::::::::::::                                                                                 
::::::::::::::::::::::::::::::::                                                                                 
::::::::::::::::::::::::::::::::    REMEMBER PROVED THEOREM                                                      
::::::::::::::::::::::::::::::::                                                                                 
:::::::::::::::::::::::::::::::: *4.13   A=--A                                                                   
:::::::::::::::::::::::::::::::: TO PROVE                                                                        
:::::::::::::::::::::::::::::::: *4.20   P=P                                                                     
::::::::::::::::::::::::::::::::            1.   (PIP)*(PIP)                  *4.01, REPLACEMENT                 
::::::::::::::::::::::::::::::::            2.   -(-(P=P))                    *2.14, DETACHMENT                  
::::::::::::::::::::::::::::::::            574890   P=P                      *2.08, DETACHMENT.  REJECTED PROBLE
::::::::::::::::::::::::::::::::            575871   (P=P)V(P=P)              *1.2, DETACHMENT.  REJECTED PROBLEM
::::::::::::::::::::::::::::::::            3.   --PIP                        *4.13, FORWARD CHAINING            
::::::::::::::::::::::::::::::::                                                                                 
::::::::::::::::::::::::::::::::                                                                                 
::::::::::::::::::::::::::::::::  PROOF FOUND.                                                                   
::::::::::::::::::::::::::::::::                                                                                 
::::::::::::::::::::::::::::::::           GIVEN                         *2.14     --AIA                         
::::::::::::::::::::::::::::::::           SUBSTITUTION                  3.        --PIP                         
::::::::::::::::::::::::::::::::           GIVEN                         *4.13     A=--A                         
::::::::::::::::::::::::::::::::           FORWARD CHAINING              *4.20     P=P                           
::::::::::::::::::::::::::::::::           Q.E.D.                                                                
::::::::::::::::::::::::::::::::                                                                                 
::::::::::::::::::::::::::::::::                                                                                 
:::::::::::::::::::::::::::::::: EFFORT              LIMIT 200000        ACTUAL 8309                             
:::::::::::::::::::::::::::::::: SUBPROBLEMS         LIMIT 50            ACTUAL 3                                
:::::::::::::::::::::::::::::::: SUBSTITUTIONS       LIMIT 50            ACTUAL 4                                
::::::::::::::::::::::::::::::::                                                                                 
::::::::::::::::::::::::::::::::                                                                                 
::::::::::::::::::::::::::::::::    REMEMBER PROVED THEOREM                                                      
::::::::::::::::::::::::::::::::                                                                                 
:::::::::::::::::::::::::::::::: *4.20   A=A                                                                     
:::::::::::::::::::::::::::::::: TO PROVE                                                                        
:::::::::::::::::::::::::::::::: *4.24   P=(P*P)                                                                 
::::::::::::::::::::::::::::::::            1.   P=(-(-PV-P))                      , SUBLEVEL REPLACEMENT        
::::::::::::::::::::::::::::::::            583421   P=(-(-PV-P))                  , SUBLEVEL REPLACEMENT.  REJEC
::::::::::::::::::::::::::::::::            2.   (PI(P*P))*((P*P)IP)          *4.01, REPLACEMENT                 
::::::::::::::::::::::::::::::::            3.   -(-(P=(P*P)))                *2.14, DETACHMENT                  
::::::::::::::::::::::::::::::::            590362   P=(P*P)                  *2.08, DETACHMENT.  REJECTED PROBLE
::::::::::::::::::::::::::::::::            591731   (P=(P*P))V(P=(P*P))      *1.2, DETACHMENT.  REJECTED PROBLEM
::::::::::::::::::::::::::::::::            4.   PI(P*P)                      *4.20, FORWARD CHAINING            
::::::::::::::::::::::::::::::::            5.   --PI(P*P)                    *4.13, FORWARD CHAINING            
::::::::::::::::::::::::::::::::            6.   PI(-(-(P*P)))                *2.14, BACKWARD CHAINING           
::::::::::::::::::::::::::::::::            599716   PI(P*P)                  *2.08, BACKWARD CHAINING.  REJEC   
::::::::::::::::::::::::::::::::            7.   PI((P*P)V(P*P))              *1.2, BACKWARD CHAINING            
:::::::::::::::::::::::::::::::: 4.      PI(P*P)                                                                 
::::::::::::::::::::::::::::::::            8.   -PV(P*P)                     *1.01, REPLACEMENT                 
::::::::::::::::::::::::::::::::            607381   -P                       *2.21, DETACHMENT.  REJECTED PROBLE
::::::::::::::::::::::::::::::::            9.   P*P                          *2.02, DETACHMENT                  
::::::::::::::::::::::::::::::::            10.   -(-(PI(P*P)))               *2.14, DETACHMENT                  
::::::::::::::::::::::::::::::::            610954   PI(P*P)                  *2.08, DETACHMENT.  REJECTED PROBLE
::::::::::::::::::::::::::::::::            612366   (PI(P*P))V(PI(P*P))      *1.2, DETACHMENT.  REJECTED PROBLEM
::::::::::::::::::::::::::::::::            11.   (-PIB)I(P*P)                *2.24, FORWARD CHAINING            
::::::::::::::::::::::::::::::::            12.   (PVB)I(P*P)                 *2.20, FORWARD CHAINING            
::::::::::::::::::::::::::::::::            618809   --PI(P*P)                *2.12, FORWARD CHAINING.  REJEC    
::::::::::::::::::::::::::::::::            620620   PI(P*P)                  *2.08, FORWARD CHAINING.  REJEC    
::::::::::::::::::::::::::::::::            13.   (PVP)I(P*P)                 *2.07, FORWARD CHAINING            
::::::::::::::::::::::::::::::::            14.   (BIP)I(P*P)                 *2.02, FORWARD CHAINING            
::::::::::::::::::::::::::::::::            15.   (AVP)I(P*P)                 *1.3, FORWARD CHAINING             
::::::::::::::::::::::::::::::::            630204   PI(-(-(P*P)))            *2.14, BACKWARD CHAINING.  REJEC   
::::::::::::::::::::::::::::::::            632108   PI(P*P)                  *2.08, BACKWARD CHAINING.  REJEC   
::::::::::::::::::::::::::::::::            633542   PI((P*P)V(P*P))          *1.2, BACKWARD CHAINING.  REJEC    
:::::::::::::::::::::::::::::::: 9.      P*P                                                                     
::::::::::::::::::::::::::::::::            635918   -(-PV-P)                 *3.01, REPLACEMENT.  REJECTED P    
::::::::::::::::::::::::::::::::            16.   -(-(P*P))                   *2.14, DETACHMENT                  
::::::::::::::::::::::::::::::::            638241   P*P                      *2.08, DETACHMENT.  REJECTED PROBLE
::::::::::::::::::::::::::::::::            639222   (P*P)V(P*P)              *1.2, DETACHMENT.  REJECTED PROBLEM
::::::::::::::::::::::::::::::::            17.   PI--P                       *2.14, BACKWARD CHAINING           
::::::::::::::::::::::::::::::::                                                                                 
::::::::::::::::::::::::::::::::                                                                                 
::::::::::::::::::::::::::::::::  PROOF FOUND.                                                                   
::::::::::::::::::::::::::::::::                                                                                 
::::::::::::::::::::::::::::::::           GIVEN                         *2.12     AI--A                         
::::::::::::::::::::::::::::::::           SUBSTITUTION                  17.       PI--P                         
::::::::::::::::::::::::::::::::           GIVEN                         *2.14     --AIA                         
::::::::::::::::::::::::::::::::           BACKWARD CHAINING             9.        P*P                           
::::::::::::::::::::::::::::::::           GIVEN                         *2.02     AI(BIA)                       
::::::::::::::::::::::::::::::::           DETACHMENT                    4.        PI(P*P)                       
::::::::::::::::::::::::::::::::           GIVEN                         *4.20     A=A                           
::::::::::::::::::::::::::::::::           FORWARD CHAINING              *4.24     P=(P*P)                       
::::::::::::::::::::::::::::::::           Q.E.D.                                                                
::::::::::::::::::::::::::::::::                                                                                 
::::::::::::::::::::::::::::::::                                                                                 
:::::::::::::::::::::::::::::::: EFFORT              LIMIT 200000        ACTUAL 61650                            
:::::::::::::::::::::::::::::::: SUBPROBLEMS         LIMIT 50            ACTUAL 17                               
:::::::::::::::::::::::::::::::: SUBSTITUTIONS       LIMIT 50            ACTUAL 18                               
::::::::::::::::::::::::::::::::                                                                                 
::::::::::::::::::::::::::::::::                                                                                 
::::::::::::::::::::::::::::::::    REMEMBER PROVED THEOREM                                                      
::::::::::::::::::::::::::::::::                                                                                 
:::::::::::::::::::::::::::::::: *4.24   A=(A*A)                                                                 
:::::::::::::::::::::::::::::::: TO PROVE                                                                        
:::::::::::::::::::::::::::::::: *4.25   P=(PVP)                                                                 
::::::::::::::::::::::::::::::::            1.   (PI(PVP))*((PVP)IP)          *4.01, REPLACEMENT                 
::::::::::::::::::::::::::::::::            2.   -(-(P=(PVP)))                *2.14, DETACHMENT                  
::::::::::::::::::::::::::::::::            650121   P=(PVP)                  *2.08, DETACHMENT.  REJECTED PROBLE
::::::::::::::::::::::::::::::::            651490   (P=(PVP))V(P=(PVP))      *1.2, DETACHMENT.  REJECTED PROBLEM
::::::::::::::::::::::::::::::::            3.   (P*P)I(PVP)                  *4.24, FORWARD CHAINING            
::::::::::::::::::::::::::::::::            4.   PI(PVP)                      *4.20, FORWARD CHAINING            
::::::::::::::::::::::::::::::::                                                                                 
::::::::::::::::::::::::::::::::                                                                                 
::::::::::::::::::::::::::::::::  PROOF FOUND.                                                                   
::::::::::::::::::::::::::::::::                                                                                 
::::::::::::::::::::::::::::::::           GIVEN                         *2.20     AI(AVB)                       
::::::::::::::::::::::::::::::::           SUBSTITUTION                  4.        PI(PVP)                       
::::::::::::::::::::::::::::::::           GIVEN                         *4.20     A=A                           
::::::::::::::::::::::::::::::::           FORWARD CHAINING              *4.25     P=(PVP)                       
::::::::::::::::::::::::::::::::           Q.E.D.                                                                
::::::::::::::::::::::::::::::::                                                                                 
::::::::::::::::::::::::::::::::                                                                                 
:::::::::::::::::::::::::::::::: EFFORT              LIMIT 200000        ACTUAL 13900                            
:::::::::::::::::::::::::::::::: SUBPROBLEMS         LIMIT 50            ACTUAL 4                                
:::::::::::::::::::::::::::::::: SUBSTITUTIONS       LIMIT 50            ACTUAL 5                                
::::::::::::::::::::::::::::::::                                                                                 
::::::::::::::::::::::::::::::::                                                                                 
::::::::::::::::::::::::::::::::    REMEMBER PROVED THEOREM                                                      
::::::::::::::::::::::::::::::::                                                                                 
:::::::::::::::::::::::::::::::: *4.25   A=(AVA)                                                                 
