           $LIST                                                                               
           $DATE          070226                                                               
           $UNITS                                                                              
                FUNCTION      UNIT 
                 SYSLB1        A1        HI DEN      
                 SYSLB2        A0        HI DEN      
                 SYSLB3       NONE                   
                 SYSLB4       NONE                   
                 SYSCRD        RDA                   
                 SYSPRT        PRA                   
                 SYSPCH        PUA                   
                 SYSOU1        B1        HI DEN      
                 SYSOU2        B1        HI DEN      
                 SYSIN1        A2        HI DEN      
                 SYSIN2        A2        HI DEN      
                 SYSPP1        B2        HI DEN      
                 SYSPP2        B4        HI DEN      
                 SYSCK1        A5        HI DEN      
                 SYSCK2        B5        HI DEN      
                 SYSUT1        A3        HI DEN      
                 SYSUT2        B3        HI DEN      
                 SYSUT3        A4        HI DEN      
                 SYSUT4        B4        HI DEN      
                 SYSUT5       NONE                   
                 SYSUT6       NONE                   
                 SYSUT7       NONE                   
                 SYSUT8       NONE                   
                 SYSUT9       NONE                   
            ATTACHED UNITS NOT ASSIGNED OR RESERVED. 
                   A6  
                   B6  
            INTER SYSTEM RESERVE UNITS.  
                  NONE 
           $EXECUTE       IPL-V                                                                
fffff                  IPL-V       OTLEY             001/65/003  

     $ID    OTLEY*001/65/003*5M*500P$                                          07/02/26 ON 18-36-33              

  IPL V ASSEMBLY LIST PAGE   1                                                                                         

         I.P.L.V  ASSEMBLY LIST - BLANK IMPLIES NEXT LISTED LOCATION                                                   
                 ACKERMANN-S FUNCTION IN IPL-V      9                                                                  
                 GIVEN M AND N, COMPUTE A(M,N)      1                                                                  
                 A(0,N) = N + 1                     1                                                                  
                 A(M,0) = A(M-1, 1)                 1                                                                  
                 A(M,N) = A(M-1,A(M,N-1))           1                                                                  
                 TRACE ALL ROUTINES                 1                                                                  
                 PRINT RESULTS                      1                                                                  
                                                    1                                                                  
                 DEFINE REGIONS                     2 E0               02                    E     3128  3129          
                                                    2 A0               02                    A     3130  3131          
                                                    2 M0               02                    M     3132  3133          
                                                    2 N0               02                    N     3134  3135          
                                                    2 K0               02                    K     3136  3137          
                                                        20863  CELLS OF AVAILABLE SPACE IN RANGE   3138 24000          
                                                    5       00                                                         
                 EXECUTE A0 TO COMPUTE A(M,N)         E0    03A0                         3128 0 3  3130                
                 INPUT N0 = RESULT                          10N0                         3139 1 0  3134                
                 PRINT RESULT, QUIT.                        00J152  0                    3140 0 0  2351     0          
                                                    1                                                                  
                                                    5       00                                                         
                 INPUT M                              A0    14M0                         3130 1 4  3132                
                 IS M = 0                                   00J117                       3142 0 0  2316                
                 INPUT N (DELAY BRANCHING)                  10N0                         3143 1 0  3134                
                 BRANCH IF M NOT = 0                        709-1                        3147 7 0  3146                
                 M=0. N+1 IF N, EXIT WITH J8=30H0           00J125  J8                   3148 0 0  2324  2207          
                 IS N = 0                             9-1   00J117                       3146 0 0  2316                
                 BRANCH IF N NOT = 0                        709-2                        3152 7 0  3151                
                 M NOT = 0, N = 0. INPUT N                  10N0                         3153 1 0  3134                
                 SET N =1 (STILL LEFT IN H0)                00J125  9-3                  3157 0 0  2324  3156          
                 INPUT 1                              9-2   10K1                         3151 1 0  3137                
                 INPUT N                                    10N0                         3158 1 0  3134                
                 INPUT N                                    10N0                         3159 1 0  3134                
                 N-1 TO N (STILL LEFT IN H0)                00J111                       3160 0 0  2310                
                 COMPUTE A(M,N-1). N HAS VALUE              00A0                         3161 0 0  3130                
                 COMMON TO M NOT 0. K1 REPLACES N     9-3   50K1                         3156 5 0  3137                
                 INPUT M                                    10M0                         3162 1 0  3132                
                 INPUT M                                    10M0                         3163 1 0  3132                
                 M-1 TO M (STILL LEFT IN H0)                00J111                       3164 0 0  2310                
                 COMPUTE A(M-1,1) OR A(M-1,A(M,N-1          00A0                         3165 0 0  3130                
                 M+1 TO M. EXIT WITH J8=30H0                00J125  J8                   3166 0 0  2324  2207          
                                                    1                                                                  
                                                    5       01                                                         
                 CONSTANT 1                           K1    01      1                    3137 0 1           1          
                 VALUE OF M                           M0    01      3                    3132 0 1           3          
                 VALUE OF N                           N0    01      4                    3134 0 1           4          
                 START CARD.  EXECUTE E0            5         E0                       TRANSFER TO     3128            

                    0 0  N   0 10        125                                                                           
PROGRAM LIST FINISHED                                                                                                  
$IBSYS                                                                                                                 
           $IBSYS                                                                              
           $PAUSE                                                                              
           OPER. ACTION PAUSE
