           $LIST                                                                               
           $DATE          070226                                                               
           $UNITS                                                                              
                FUNCTION      UNIT 
                 SYSLB1        A1        HI DEN      
                 SYSLB2        A0        HI DEN      
                 SYSLB3       NONE                   
                 SYSLB4       NONE                   
                 SYSCRD        RDA                   
                 SYSPRT        PRA                   
                 SYSPCH        PUA                   
                 SYSOU1        B1        HI DEN      
                 SYSOU2        B1        HI DEN      
                 SYSIN1        A2        HI DEN      
                 SYSIN2        A2        HI DEN      
                 SYSPP1        B2        HI DEN      
                 SYSPP2        B4        HI DEN      
                 SYSCK1        A5        HI DEN      
                 SYSCK2        B5        HI DEN      
                 SYSUT1        A3        HI DEN      
                 SYSUT2        B3        HI DEN      
                 SYSUT3        A4        HI DEN      
                 SYSUT4        B4        HI DEN      
                 SYSUT5       NONE                   
                 SYSUT6       NONE                   
                 SYSUT7       NONE                   
                 SYSUT8       NONE                   
                 SYSUT9       NONE                   
            ATTACHED UNITS NOT ASSIGNED OR RESERVED. 
                   A6  
                   B6  
            INTER SYSTEM RESERVE UNITS.  
                  NONE 
           $EXECUTE       IPL-V                                                                
fffff                  IPL-V       OTLEY             001/65/003  

     $ID    OTLEY*001/65/003*5M*500P$                                          07/02/26 ON 18-32-19              

  IPL V ASSEMBLY LIST PAGE   1                                                                                         

         I.P.L.V  ASSEMBLY LIST - BLANK IMPLIES NEXT LISTED LOCATION                                                   
                  SIMPLE TEST FOR IPL-V             9                                                                  
                  DEFINE REGIONS                    2 A0            2                        A     3128  3129          
                                                        20871  CELLS OF AVAILABLE SPACE IN RANGE   3130 24000          
                                                    5       0                                                          
                  START A0 GET SYMB A1                A0    10A1                         3128 1 0  3129                
                  PRINT RESULT, QUIT.                         J152  0                    3131 0 0  2351     0          
                                                    5       01                                                         
                  CONSTANT 3                          A1    01      3                    3129 0 1           3          
                  START AT A0                       5         A0                       TRANSFER TO     3128            

                    0 0  A   1 10          3                                                                           
PROGRAM LIST FINISHED                                                                                                  
$IBSYS                                                                                                                 
           $IBSYS                                                                              
           $PAUSE                                                                              
           OPER. ACTION PAUSE
